2026-01-03 04:57:48 | INFO     | PyTorch 2.8.0+cu128 | CUDA 12.8
2026-01-03 04:57:48 | INFO     | World size: 8 | Data: /blue/wdixon/wang.yixuan/lypcdf/imagenet_folder
2026-01-03 04:57:48 | INFO     | ======================================================================
2026-01-03 04:57:48 | INFO     | Model: resnet50 | Optimizer: adamw
2026-01-03 04:57:48 | INFO     | Global batch: 1024 | Per-GPU: 128 | Epochs: 90
2026-01-03 04:57:48 | INFO     | LR: 0.001 | WD: 0.05
2026-01-03 04:57:48 | INFO     | ======================================================================
2026-01-03 04:57:51 | INFO     | Train: 1281167 samples, 1251 steps/epoch
2026-01-03 04:57:51 | INFO     | Val: 50000 samples
2026-01-03 04:57:55 | INFO     | Parameters: 25.6M
2026-01-03 05:02:20 | INFO     | E  1/90: loss=6.0649, train=3.3%, val=8.39%*, 6324 img/s
2026-01-03 05:06:27 | INFO     | E  2/90: loss=4.5006, train=15.2%, val=18.50%*, 6929 img/s
2026-01-03 05:10:35 | INFO     | E  3/90: loss=3.6949, train=25.7%, val=30.58%*, 6914 img/s
2026-01-03 05:14:43 | INFO     | E  4/90: loss=3.2142, train=32.7%, val=31.52%*, 6941 img/s
2026-01-03 05:18:49 | INFO     | E  5/90: loss=2.8679, train=38.8%, val=40.48%*, 6951 img/s
2026-01-03 05:23:03 | INFO     | E  6/90: loss=2.5758, train=43.8%, val=47.92%*, 6733 img/s
2026-01-03 05:27:12 | INFO     | E  7/90: loss=2.3239, train=48.4%, val=53.49%*, 6869 img/s
2026-01-03 05:31:22 | INFO     | E  8/90: loss=2.1477, train=51.8%, val=55.11%*, 6879 img/s
2026-01-03 05:35:30 | INFO     | E  9/90: loss=2.0351, train=53.9%, val=56.25%*, 6931 img/s
2026-01-03 05:39:43 | INFO     | E 10/90: loss=1.9316, train=55.9%, val=58.21%*, 6882 img/s
2026-01-03 05:43:55 | INFO     | E 11/90: loss=1.8595, train=57.4%, val=59.37%*, 6790 img/s
2026-01-03 05:48:07 | INFO     | E 12/90: loss=1.7994, train=58.5%, val=61.09%*, 6793 img/s
2026-01-03 05:52:19 | INFO     | E 13/90: loss=1.7539, train=59.4%, val=61.27%*, 6752 img/s
2026-01-03 05:56:30 | INFO     | E 14/90: loss=1.7043, train=60.3%, val=61.46%*, 6847 img/s
2026-01-03 06:00:38 | INFO     | E 15/90: loss=1.6595, train=61.3%, val=62.76%*, 6924 img/s
2026-01-03 06:04:48 | INFO     | E 16/90: loss=1.6336, train=61.9%, val=63.31%*, 6816 img/s
2026-01-03 06:09:00 | INFO     | E 17/90: loss=1.5971, train=62.7%, val=63.96%*, 6915 img/s
2026-01-03 06:13:15 | INFO     | E 18/90: loss=1.5678, train=63.1%, val=64.49%*, 6673 img/s
2026-01-03 06:17:28 | INFO     | E 19/90: loss=1.5451, train=63.6%, val=64.42%, 6757 img/s
2026-01-03 06:21:42 | INFO     | E 20/90: loss=1.5207, train=64.2%, val=63.60%, 6697 img/s
2026-01-03 06:25:53 | INFO     | E 21/90: loss=1.4989, train=64.5%, val=62.78%, 6811 img/s
2026-01-03 06:30:03 | INFO     | E 22/90: loss=1.4845, train=64.9%, val=65.00%*, 6865 img/s
2026-01-03 06:34:12 | INFO     | E 23/90: loss=1.4628, train=65.3%, val=64.87%, 6868 img/s
2026-01-03 06:38:22 | INFO     | E 24/90: loss=1.4465, train=65.5%, val=66.37%*, 6857 img/s
2026-01-03 06:42:37 | INFO     | E 25/90: loss=1.4306, train=65.9%, val=66.45%*, 6667 img/s
2026-01-03 06:46:46 | INFO     | E 26/90: loss=1.4212, train=66.2%, val=66.59%*, 6880 img/s
2026-01-03 06:50:58 | INFO     | E 27/90: loss=1.4042, train=66.5%, val=66.12%, 6804 img/s
2026-01-03 06:55:09 | INFO     | E 28/90: loss=1.3852, train=66.9%, val=66.37%, 6783 img/s
2026-01-03 06:59:20 | INFO     | E 29/90: loss=1.3520, train=67.6%, val=65.00%, 6837 img/s
2026-01-03 07:03:29 | INFO     | E 30/90: loss=1.3554, train=67.6%, val=66.40%, 6873 img/s
2026-01-03 07:07:39 | INFO     | E 31/90: loss=1.3347, train=67.9%, val=67.65%*, 6869 img/s
2026-01-03 07:11:55 | INFO     | E 32/90: loss=1.3186, train=68.2%, val=67.69%*, 6657 img/s
2026-01-03 07:16:04 | INFO     | E 33/90: loss=1.3087, train=68.5%, val=66.86%, 6872 img/s
2026-01-03 07:20:16 | INFO     | E 34/90: loss=1.3048, train=68.5%, val=66.71%, 6794 img/s
2026-01-03 07:24:29 | INFO     | E 35/90: loss=1.2805, train=69.2%, val=68.40%*, 6758 img/s
2026-01-03 07:28:41 | INFO     | E 36/90: loss=1.2724, train=69.4%, val=67.48%, 6775 img/s
2026-01-03 07:32:52 | INFO     | E 37/90: loss=1.2642, train=69.5%, val=66.81%, 6796 img/s
2026-01-03 07:37:00 | INFO     | E 38/90: loss=1.2480, train=69.8%, val=68.72%*, 6921 img/s
2026-01-03 07:41:14 | INFO     | E 39/90: loss=1.2256, train=70.3%, val=68.67%, 6706 img/s
2026-01-03 07:45:24 | INFO     | E 40/90: loss=1.2161, train=70.4%, val=68.70%, 6844 img/s
2026-01-03 07:49:37 | INFO     | E 41/90: loss=1.1960, train=70.9%, val=68.77%*, 6771 img/s
2026-01-03 07:53:50 | INFO     | E 42/90: loss=1.1981, train=71.0%, val=68.97%*, 6735 img/s
2026-01-03 07:58:05 | INFO     | E 43/90: loss=1.1853, train=71.1%, val=69.27%*, 6670 img/s
2026-01-03 08:02:15 | INFO     | E 44/90: loss=1.1668, train=71.6%, val=69.80%*, 6845 img/s
2026-01-03 08:06:25 | INFO     | E 45/90: loss=1.1559, train=71.8%, val=68.88%, 6851 img/s
2026-01-03 08:10:40 | INFO     | E 46/90: loss=1.1358, train=72.2%, val=69.83%*, 6667 img/s
2026-01-03 08:14:50 | INFO     | E 47/90: loss=1.1220, train=72.4%, val=70.18%*, 6809 img/s
2026-01-03 08:19:03 | INFO     | E 48/90: loss=1.1125, train=72.8%, val=70.30%*, 6776 img/s
2026-01-03 08:23:16 | INFO     | E 49/90: loss=1.0946, train=73.1%, val=70.25%, 6757 img/s
2026-01-03 08:27:26 | INFO     | E 50/90: loss=1.0865, train=73.3%, val=70.07%, 6863 img/s
2026-01-03 08:31:35 | INFO     | E 51/90: loss=1.0697, train=73.7%, val=70.47%*, 6887 img/s
2026-01-03 08:35:44 | INFO     | E 52/90: loss=1.0549, train=73.9%, val=70.34%, 6896 img/s
2026-01-03 08:39:57 | INFO     | E 53/90: loss=1.0339, train=74.5%, val=70.14%, 6737 img/s
2026-01-03 08:44:08 | INFO     | E 54/90: loss=1.0283, train=74.7%, val=71.41%*, 6850 img/s
2026-01-03 08:48:18 | INFO     | E 55/90: loss=1.0065, train=75.1%, val=70.91%, 6834 img/s
2026-01-03 08:52:32 | INFO     | E 56/90: loss=1.0029, train=75.2%, val=70.81%, 6706 img/s
2026-01-03 08:56:43 | INFO     | E 57/90: loss=0.9824, train=75.7%, val=71.81%*, 6826 img/s
2026-01-03 09:00:53 | INFO     | E 58/90: loss=0.9663, train=76.1%, val=71.66%, 6869 img/s
2026-01-03 09:05:02 | INFO     | E 59/90: loss=0.9496, train=76.5%, val=71.82%*, 6904 img/s
2026-01-03 09:09:16 | INFO     | E 60/90: loss=0.9246, train=77.0%, val=72.11%*, 6706 img/s
2026-01-03 09:13:26 | INFO     | E 61/90: loss=0.9099, train=77.3%, val=71.63%, 6836 img/s
2026-01-03 09:17:38 | INFO     | E 62/90: loss=0.9000, train=77.6%, val=72.55%*, 6770 img/s
2026-01-03 09:21:53 | INFO     | E 63/90: loss=0.8825, train=78.2%, val=72.54%, 6719 img/s
2026-01-03 09:26:03 | INFO     | E 64/90: loss=0.8704, train=78.3%, val=72.26%, 6862 img/s
2026-01-03 09:30:13 | INFO     | E 65/90: loss=0.8611, train=78.5%, val=72.50%, 6834 img/s
2026-01-03 09:34:24 | INFO     | E 66/90: loss=0.8414, train=79.1%, val=72.59%*, 6812 img/s
2026-01-03 09:38:39 | INFO     | E 67/90: loss=0.8268, train=79.6%, val=72.84%*, 6657 img/s
2026-01-03 09:42:51 | INFO     | E 68/90: loss=0.8149, train=79.8%, val=73.04%*, 6791 img/s
2026-01-03 09:47:03 | INFO     | E 69/90: loss=0.7966, train=80.2%, val=72.48%, 6782 img/s
2026-01-03 09:51:17 | INFO     | E 70/90: loss=0.7909, train=80.3%, val=73.24%*, 6722 img/s
2026-01-03 09:55:27 | INFO     | E 71/90: loss=0.7758, train=80.9%, val=73.35%*, 6843 img/s
2026-01-03 09:59:38 | INFO     | E 72/90: loss=0.7554, train=81.2%, val=73.35%, 6835 img/s
2026-01-03 10:03:48 | INFO     | E 73/90: loss=0.7486, train=81.4%, val=73.58%*, 6858 img/s
2026-01-03 10:08:01 | INFO     | E 74/90: loss=0.7327, train=81.9%, val=73.41%, 6734 img/s
2026-01-03 10:12:12 | INFO     | E 75/90: loss=0.7220, train=82.2%, val=73.69%*, 6826 img/s
2026-01-03 10:16:24 | INFO     | E 76/90: loss=0.7052, train=82.5%, val=73.61%, 6775 img/s
2026-01-03 10:20:38 | INFO     | E 77/90: loss=0.7010, train=82.7%, val=73.56%, 6694 img/s
2026-01-03 10:24:50 | INFO     | E 78/90: loss=0.6919, train=82.9%, val=73.85%*, 6799 img/s
2026-01-03 10:29:02 | INFO     | E 79/90: loss=0.6842, train=83.2%, val=73.92%*, 6780 img/s
2026-01-03 10:33:12 | INFO     | E 80/90: loss=0.6731, train=83.4%, val=73.96%*, 6863 img/s
2026-01-03 10:37:26 | INFO     | E 81/90: loss=0.6703, train=83.5%, val=73.94%, 6840 img/s
2026-01-03 10:41:40 | INFO     | E 82/90: loss=0.6611, train=83.8%, val=73.93%, 6688 img/s
2026-01-03 10:45:52 | INFO     | E 83/90: loss=0.6587, train=83.8%, val=74.07%*, 6795 img/s
2026-01-03 10:50:09 | INFO     | E 84/90: loss=0.6472, train=84.2%, val=74.18%*, 6618 img/s
2026-01-03 10:54:20 | INFO     | E 85/90: loss=0.6417, train=84.2%, val=74.15%, 6832 img/s
2026-01-03 10:58:30 | INFO     | E 86/90: loss=0.6455, train=84.2%, val=74.08%, 6856 img/s
2026-01-03 11:02:39 | INFO     | E 87/90: loss=0.6372, train=84.4%, val=74.25%*, 6858 img/s
2026-01-03 11:06:49 | INFO     | E 88/90: loss=0.6423, train=84.3%, val=74.18%, 6843 img/s
2026-01-03 11:11:05 | INFO     | E 89/90: loss=0.6406, train=84.4%, val=74.17%, 6681 img/s
2026-01-03 11:15:15 | INFO     | E 90/90: loss=0.6374, train=84.3%, val=74.23%, 6859 img/s
2026-01-03 11:15:16 | INFO     | ======================================================================
2026-01-03 11:15:16 | INFO     | Model: resnet50 | Optimizer: lion
2026-01-03 11:15:16 | INFO     | Global batch: 1024 | Per-GPU: 128 | Epochs: 90
2026-01-03 11:15:16 | INFO     | LR: 0.0001 | WD: 0.5
2026-01-03 11:15:16 | INFO     | ======================================================================
2026-01-03 11:15:19 | INFO     | Train: 1281167 samples, 1251 steps/epoch
2026-01-03 11:15:19 | INFO     | Val: 50000 samples
2026-01-03 11:15:19 | INFO     | Parameters: 25.6M
2026-01-03 11:19:33 | INFO     | E  1/90: loss=6.4280, train=1.7%, val=6.57%*, 6654 img/s, belief=0.000, align=0.000
2026-01-03 11:23:49 | INFO     | E  2/90: loss=4.7659, train=12.6%, val=22.25%*, 6635 img/s, belief=0.000, align=0.000
2026-01-03 11:28:04 | INFO     | E  3/90: loss=3.6893, train=26.1%, val=34.29%*, 6669 img/s, belief=0.000, align=0.000
2026-01-03 11:32:19 | INFO     | E  4/90: loss=3.1060, train=34.9%, val=42.08%*, 6682 img/s, belief=0.000, align=0.000
2026-01-03 11:36:36 | INFO     | E  5/90: loss=2.7623, train=40.6%, val=45.94%*, 6588 img/s, belief=0.000, align=0.000
2026-01-03 11:40:53 | INFO     | E  6/90: loss=2.5078, train=45.2%, val=51.63%*, 6636 img/s, belief=0.000, align=0.000
2026-01-03 11:45:06 | INFO     | E  7/90: loss=2.3107, train=48.7%, val=53.83%*, 6719 img/s, belief=0.000, align=0.000
2026-01-03 11:49:21 | INFO     | E  8/90: loss=2.1504, train=51.7%, val=56.39%*, 6679 img/s, belief=0.000, align=0.000
2026-01-03 11:53:40 | INFO     | E  9/90: loss=2.0432, train=53.8%, val=59.46%*, 6677 img/s, belief=0.000, align=0.000
2026-01-03 11:57:59 | INFO     | E 10/90: loss=1.9499, train=55.6%, val=60.01%*, 6551 img/s, belief=0.000, align=0.000
2026-01-03 12:02:13 | INFO     | E 11/90: loss=1.8794, train=56.9%, val=61.26%*, 6695 img/s, belief=0.000, align=0.000
2026-01-03 12:06:31 | INFO     | E 12/90: loss=1.8089, train=58.2%, val=61.30%*, 6590 img/s, belief=0.000, align=0.000
2026-01-03 12:10:46 | INFO     | E 13/90: loss=1.7685, train=59.1%, val=63.37%*, 6683 img/s, belief=0.000, align=0.000
2026-01-03 12:15:02 | INFO     | E 14/90: loss=1.7142, train=60.1%, val=63.56%*, 6670 img/s, belief=0.000, align=0.000
2026-01-03 12:19:16 | INFO     | E 15/90: loss=1.6803, train=60.9%, val=64.49%*, 6722 img/s, belief=0.000, align=0.000
2026-01-03 12:23:31 | INFO     | E 16/90: loss=1.6426, train=61.6%, val=64.81%*, 6699 img/s, belief=0.000, align=0.000
2026-01-03 12:27:49 | INFO     | E 17/90: loss=1.6102, train=62.3%, val=65.37%*, 6592 img/s, belief=0.000, align=0.000
2026-01-03 12:32:02 | INFO     | E 18/90: loss=1.5854, train=62.9%, val=65.81%*, 6717 img/s, belief=0.000, align=0.000
2026-01-03 12:36:18 | INFO     | E 19/90: loss=1.5490, train=63.3%, val=65.73%, 6634 img/s, belief=0.000, align=0.000
2026-01-03 12:40:33 | INFO     | E 20/90: loss=1.5240, train=63.9%, val=65.68%, 6691 img/s, belief=0.000, align=0.000
2026-01-03 12:44:47 | INFO     | E 21/90: loss=1.5079, train=64.2%, val=66.34%*, 6744 img/s, belief=0.000, align=0.000
2026-01-03 12:48:59 | INFO     | E 22/90: loss=1.4894, train=64.6%, val=66.65%*, 6753 img/s, belief=0.000, align=0.000
2026-01-03 12:53:12 | INFO     | E 23/90: loss=1.4652, train=65.2%, val=66.74%*, 6741 img/s, belief=0.000, align=0.000
2026-01-03 12:57:30 | INFO     | E 24/90: loss=1.4504, train=65.4%, val=67.25%*, 6593 img/s, belief=0.000, align=0.000
2026-01-03 13:01:43 | INFO     | E 25/90: loss=1.4368, train=65.9%, val=67.32%*, 6737 img/s, belief=0.000, align=0.000
2026-01-03 13:05:58 | INFO     | E 26/90: loss=1.4210, train=66.0%, val=67.22%, 6679 img/s, belief=0.000, align=0.000
2026-01-03 13:10:12 | INFO     | E 27/90: loss=1.4079, train=66.4%, val=67.63%*, 6698 img/s, belief=0.000, align=0.000
2026-01-03 13:14:25 | INFO     | E 28/90: loss=1.3861, train=66.7%, val=67.71%*, 6738 img/s, belief=0.000, align=0.000
2026-01-03 13:18:40 | INFO     | E 29/90: loss=1.3601, train=67.3%, val=68.24%*, 6702 img/s, belief=0.000, align=0.000
2026-01-03 13:22:53 | INFO     | E 30/90: loss=1.3492, train=67.4%, val=68.48%*, 6749 img/s, belief=0.000, align=0.000
2026-01-03 13:27:08 | INFO     | E 31/90: loss=1.3432, train=67.7%, val=68.52%*, 6669 img/s, belief=0.000, align=0.000
2026-01-03 13:31:22 | INFO     | E 32/90: loss=1.3257, train=67.9%, val=68.87%*, 6705 img/s, belief=0.000, align=0.000
2026-01-03 13:35:37 | INFO     | E 33/90: loss=1.3209, train=68.1%, val=68.78%, 6700 img/s, belief=0.000, align=0.000
2026-01-03 13:39:52 | INFO     | E 34/90: loss=1.2991, train=68.5%, val=68.80%, 6684 img/s, belief=0.000, align=0.000
2026-01-03 13:44:06 | INFO     | E 35/90: loss=1.2813, train=68.9%, val=68.85%, 6731 img/s, belief=0.000, align=0.000
2026-01-03 13:48:19 | INFO     | E 36/90: loss=1.2765, train=69.0%, val=69.15%*, 6760 img/s, belief=0.000, align=0.000
2026-01-03 13:52:33 | INFO     | E 37/90: loss=1.2593, train=69.3%, val=69.27%*, 6733 img/s, belief=0.000, align=0.000
2026-01-03 13:56:50 | INFO     | E 38/90: loss=1.2483, train=69.7%, val=69.35%*, 6618 img/s, belief=0.000, align=0.000
2026-01-03 14:01:03 | INFO     | E 39/90: loss=1.2377, train=69.8%, val=69.71%*, 6750 img/s, belief=0.000, align=0.000
2026-01-03 14:05:17 | INFO     | E 40/90: loss=1.2183, train=70.2%, val=69.80%*, 6740 img/s, belief=0.000, align=0.000
2026-01-03 14:09:30 | INFO     | E 41/90: loss=1.2035, train=70.5%, val=70.09%*, 6712 img/s, belief=0.000, align=0.000
2026-01-03 14:13:45 | INFO     | E 42/90: loss=1.1955, train=70.5%, val=70.04%, 6687 img/s, belief=0.000, align=0.000
2026-01-03 14:17:58 | INFO     | E 43/90: loss=1.1897, train=70.8%, val=69.88%, 6735 img/s, belief=0.000, align=0.000
2026-01-03 14:22:11 | INFO     | E 44/90: loss=1.1641, train=71.2%, val=70.36%*, 6737 img/s, belief=0.000, align=0.000
2026-01-03 14:26:29 | INFO     | E 45/90: loss=1.1628, train=71.2%, val=70.36%, 6600 img/s, belief=0.000, align=0.000
2026-01-03 14:30:41 | INFO     | E 46/90: loss=1.1377, train=71.9%, val=70.18%, 6754 img/s, belief=0.000, align=0.000
2026-01-03 14:34:56 | INFO     | E 47/90: loss=1.1272, train=72.0%, val=70.52%*, 6699 img/s, belief=0.000, align=0.000
2026-01-03 14:39:12 | INFO     | E 48/90: loss=1.1175, train=72.4%, val=70.79%*, 6663 img/s, belief=0.000, align=0.000
2026-01-03 14:43:25 | INFO     | E 49/90: loss=1.0981, train=72.7%, val=70.44%, 6727 img/s, belief=0.000, align=0.000
2026-01-03 14:47:39 | INFO     | E 50/90: loss=1.0992, train=72.8%, val=71.02%*, 6739 img/s, belief=0.000, align=0.000
2026-01-03 14:51:52 | INFO     | E 51/90: loss=1.0800, train=73.1%, val=70.88%, 6718 img/s, belief=0.000, align=0.000
2026-01-03 14:56:09 | INFO     | E 52/90: loss=1.0649, train=73.6%, val=71.03%*, 6626 img/s, belief=0.000, align=0.000
2026-01-03 15:00:22 | INFO     | E 53/90: loss=1.0463, train=74.0%, val=71.02%, 6714 img/s, belief=0.000, align=0.000
2026-01-03 15:04:36 | INFO     | E 54/90: loss=1.0388, train=73.9%, val=71.37%*, 6697 img/s, belief=0.000, align=0.000
2026-01-03 15:08:52 | INFO     | E 55/90: loss=1.0225, train=74.5%, val=71.52%*, 6677 img/s, belief=0.000, align=0.000
2026-01-03 15:13:05 | INFO     | E 56/90: loss=1.0110, train=74.7%, val=71.44%, 6708 img/s, belief=0.000, align=0.000
2026-01-03 15:17:18 | INFO     | E 57/90: loss=1.0029, train=74.9%, val=71.58%*, 6778 img/s, belief=0.000, align=0.000
2026-01-03 15:21:33 | INFO     | E 58/90: loss=0.9799, train=75.4%, val=71.86%*, 6708 img/s, belief=0.000, align=0.000
2026-01-03 15:25:48 | INFO     | E 59/90: loss=0.9688, train=75.7%, val=71.71%, 6663 img/s, belief=0.000, align=0.000
2026-01-03 15:30:02 | INFO     | E 60/90: loss=0.9397, train=76.3%, val=71.76%, 6727 img/s, belief=0.000, align=0.000
2026-01-03 15:34:16 | INFO     | E 61/90: loss=0.9343, train=76.5%, val=71.92%*, 6719 img/s, belief=0.000, align=0.000
2026-01-03 15:38:32 | INFO     | E 62/90: loss=0.9225, train=76.8%, val=72.15%*, 6658 img/s, belief=0.000, align=0.000
2026-01-03 15:42:46 | INFO     | E 63/90: loss=0.9083, train=77.1%, val=72.28%*, 6712 img/s, belief=0.000, align=0.000
2026-01-03 15:47:01 | INFO     | E 64/90: loss=0.8914, train=77.5%, val=72.39%*, 6720 img/s, belief=0.000, align=0.000
2026-01-03 15:51:15 | INFO     | E 65/90: loss=0.8788, train=77.9%, val=72.21%, 6733 img/s, belief=0.000, align=0.000
2026-01-03 15:55:31 | INFO     | E 66/90: loss=0.8672, train=78.1%, val=72.57%*, 6626 img/s, belief=0.000, align=0.000
2026-01-03 15:59:45 | INFO     | E 67/90: loss=0.8506, train=78.6%, val=72.46%, 6705 img/s, belief=0.000, align=0.000
2026-01-03 16:04:03 | INFO     | E 68/90: loss=0.8362, train=78.8%, val=72.61%*, 6583 img/s, belief=0.000, align=0.000
2026-01-03 16:08:18 | INFO     | E 69/90: loss=0.8244, train=79.1%, val=72.63%*, 6672 img/s, belief=0.000, align=0.000
2026-01-03 16:12:32 | INFO     | E 70/90: loss=0.8128, train=79.4%, val=72.87%*, 6735 img/s, belief=0.000, align=0.000
2026-01-03 16:16:45 | INFO     | E 71/90: loss=0.7936, train=79.9%, val=73.05%*, 6732 img/s, belief=0.000, align=0.000
2026-01-03 16:20:58 | INFO     | E 72/90: loss=0.7767, train=80.3%, val=73.00%, 6754 img/s, belief=0.000, align=0.000
2026-01-03 16:25:15 | INFO     | E 73/90: loss=0.7673, train=80.6%, val=72.87%, 6623 img/s, belief=0.000, align=0.000
2026-01-03 16:29:28 | INFO     | E 74/90: loss=0.7558, train=80.8%, val=72.98%, 6769 img/s, belief=0.000, align=0.000
2026-01-03 16:33:41 | INFO     | E 75/90: loss=0.7476, train=81.0%, val=72.98%, 6728 img/s, belief=0.000, align=0.000
2026-01-03 16:37:58 | INFO     | E 76/90: loss=0.7320, train=81.5%, val=73.06%*, 6629 img/s, belief=0.000, align=0.000
2026-01-03 16:42:11 | INFO     | E 77/90: loss=0.7289, train=81.6%, val=73.02%, 6732 img/s, belief=0.000, align=0.000
2026-01-03 16:46:26 | INFO     | E 78/90: loss=0.7191, train=81.9%, val=73.27%*, 6712 img/s, belief=0.000, align=0.000
2026-01-03 16:50:39 | INFO     | E 79/90: loss=0.7096, train=82.1%, val=73.13%, 6744 img/s, belief=0.000, align=0.000
2026-01-03 16:54:56 | INFO     | E 80/90: loss=0.6989, train=82.3%, val=73.41%*, 6597 img/s, belief=0.000, align=0.000
2026-01-03 16:59:09 | INFO     | E 81/90: loss=0.6920, train=82.5%, val=73.43%*, 6727 img/s, belief=0.000, align=0.000
2026-01-03 17:03:23 | INFO     | E 82/90: loss=0.6898, train=82.6%, val=73.39%, 6723 img/s, belief=0.000, align=0.000
2026-01-03 17:07:37 | INFO     | E 83/90: loss=0.6813, train=82.8%, val=73.35%, 6703 img/s, belief=0.000, align=0.000
2026-01-03 17:11:50 | INFO     | E 84/90: loss=0.6764, train=82.9%, val=73.51%*, 6770 img/s, belief=0.000, align=0.000
2026-01-03 17:16:03 | INFO     | E 85/90: loss=0.6711, train=83.1%, val=73.56%*, 6769 img/s, belief=0.000, align=0.000
2026-01-03 17:20:16 | INFO     | E 86/90: loss=0.6669, train=83.3%, val=73.54%, 6755 img/s, belief=0.000, align=0.000
2026-01-03 17:24:31 | INFO     | E 87/90: loss=0.6645, train=83.2%, val=73.51%, 6655 img/s, belief=0.000, align=0.000
2026-01-03 17:28:45 | INFO     | E 88/90: loss=0.6637, train=83.2%, val=73.50%, 6692 img/s, belief=0.000, align=0.000
2026-01-03 17:33:00 | INFO     | E 89/90: loss=0.6594, train=83.4%, val=73.59%*, 6684 img/s, belief=0.000, align=0.000
2026-01-03 17:37:18 | INFO     | E 90/90: loss=0.6608, train=83.3%, val=73.53%, 6585 img/s, belief=0.000, align=0.000
2026-01-03 17:37:19 | INFO     | ======================================================================
2026-01-03 17:37:19 | INFO     | Model: resnet50 | Optimizer: rlo
2026-01-03 17:37:19 | INFO     | Global batch: 1024 | Per-GPU: 128 | Epochs: 90
2026-01-03 17:37:19 | INFO     | LR: 0.0001 | WD: 0.5
2026-01-03 17:37:19 | INFO     | ======================================================================
2026-01-03 17:37:22 | INFO     | Train: 1281167 samples, 1251 steps/epoch
2026-01-03 17:37:22 | INFO     | Val: 50000 samples
2026-01-03 17:37:22 | INFO     | Parameters: 25.6M
2026-01-03 17:41:43 | INFO     | E  1/90: loss=6.4189, train=1.8%, val=6.74%*, 6467 img/s, belief=1.269, align=0.154
2026-01-03 17:46:03 | INFO     | E  2/90: loss=4.7828, train=12.5%, val=21.84%*, 6492 img/s, belief=1.269, align=0.140
2026-01-03 17:50:24 | INFO     | E  3/90: loss=3.7034, train=26.0%, val=34.00%*, 6473 img/s, belief=1.269, align=0.147
2026-01-03 17:54:48 | INFO     | E  4/90: loss=3.1107, train=35.0%, val=41.55%*, 6471 img/s, belief=1.269, align=0.149
2026-01-03 17:59:09 | INFO     | E  5/90: loss=2.7622, train=40.7%, val=46.77%*, 6469 img/s, belief=1.269, align=0.150
2026-01-03 18:03:30 | INFO     | E  6/90: loss=2.5216, train=45.0%, val=51.06%*, 6451 img/s, belief=1.269, align=0.149
2026-01-03 18:07:53 | INFO     | E  7/90: loss=2.3155, train=48.7%, val=54.03%*, 6423 img/s, belief=1.269, align=0.148
2026-01-03 18:12:13 | INFO     | E  8/90: loss=2.1570, train=51.6%, val=56.18%*, 6464 img/s, belief=1.269, align=0.147
2026-01-03 18:16:35 | INFO     | E  9/90: loss=2.0528, train=53.6%, val=58.24%*, 6441 img/s, belief=1.269, align=0.147
2026-01-03 18:20:56 | INFO     | E 10/90: loss=1.9595, train=55.3%, val=59.67%*, 6460 img/s, belief=1.269, align=0.146
2026-01-03 18:25:20 | INFO     | E 11/90: loss=1.8800, train=56.9%, val=60.96%*, 6477 img/s, belief=1.269, align=0.146
2026-01-03 18:29:43 | INFO     | E 12/90: loss=1.8210, train=58.1%, val=61.74%*, 6431 img/s, belief=1.269, align=0.146
2026-01-03 18:34:03 | INFO     | E 13/90: loss=1.7679, train=59.3%, val=62.57%*, 6466 img/s, belief=1.269, align=0.145
2026-01-03 18:38:26 | INFO     | E 14/90: loss=1.7213, train=60.0%, val=63.26%*, 6417 img/s, belief=1.269, align=0.145
2026-01-03 18:42:47 | INFO     | E 15/90: loss=1.6858, train=60.7%, val=63.82%*, 6448 img/s, belief=1.269, align=0.145
2026-01-03 18:47:09 | INFO     | E 16/90: loss=1.6481, train=61.4%, val=64.55%*, 6457 img/s, belief=1.269, align=0.145
2026-01-03 18:51:29 | INFO     | E 17/90: loss=1.6064, train=62.3%, val=65.49%*, 6475 img/s, belief=1.269, align=0.145
2026-01-03 18:55:54 | INFO     | E 18/90: loss=1.5771, train=62.9%, val=65.77%*, 6463 img/s, belief=1.269, align=0.145
2026-01-03 19:00:15 | INFO     | E 19/90: loss=1.5508, train=63.3%, val=65.60%, 6450 img/s, belief=1.269, align=0.145
2026-01-03 19:04:36 | INFO     | E 20/90: loss=1.5284, train=63.9%, val=66.36%*, 6450 img/s, belief=1.269, align=0.145
2026-01-03 19:08:58 | INFO     | E 21/90: loss=1.5074, train=64.3%, val=66.40%*, 6419 img/s, belief=1.269, align=0.145
2026-01-03 19:13:20 | INFO     | E 22/90: loss=1.4882, train=64.6%, val=66.85%*, 6443 img/s, belief=1.269, align=0.145
2026-01-03 19:17:40 | INFO     | E 23/90: loss=1.4657, train=65.1%, val=67.04%*, 6457 img/s, belief=1.269, align=0.144
2026-01-03 19:22:02 | INFO     | E 24/90: loss=1.4480, train=65.5%, val=67.30%*, 6443 img/s, belief=1.269, align=0.144
2026-01-03 19:26:23 | INFO     | E 25/90: loss=1.4371, train=65.7%, val=67.30%*, 6465 img/s, belief=1.269, align=0.144
2026-01-03 19:30:46 | INFO     | E 26/90: loss=1.4178, train=66.2%, val=67.52%*, 6401 img/s, belief=1.269, align=0.144
2026-01-03 19:35:06 | INFO     | E 27/90: loss=1.4021, train=66.5%, val=67.90%*, 6467 img/s, belief=1.269, align=0.144
2026-01-03 19:39:28 | INFO     | E 28/90: loss=1.3778, train=66.8%, val=68.06%*, 6423 img/s, belief=1.269, align=0.144
2026-01-03 19:43:50 | INFO     | E 29/90: loss=1.3591, train=67.3%, val=67.58%, 6456 img/s, belief=1.269, align=0.144
2026-01-03 19:48:11 | INFO     | E 30/90: loss=1.3582, train=67.3%, val=68.32%*, 6482 img/s, belief=1.269, align=0.144
2026-01-03 19:52:31 | INFO     | E 31/90: loss=1.3372, train=67.8%, val=68.35%*, 6482 img/s, belief=1.269, align=0.144
2026-01-03 19:56:52 | INFO     | E 32/90: loss=1.3319, train=67.8%, val=68.61%*, 6462 img/s, belief=1.269, align=0.143
2026-01-03 20:01:16 | INFO     | E 33/90: loss=1.3122, train=68.1%, val=68.16%, 6372 img/s, belief=1.269, align=0.144
2026-01-03 20:05:38 | INFO     | E 34/90: loss=1.3069, train=68.5%, val=68.26%, 6462 img/s, belief=1.269, align=0.144
2026-01-03 20:10:00 | INFO     | E 35/90: loss=1.2939, train=68.6%, val=69.55%*, 6436 img/s, belief=1.269, align=0.143
2026-01-03 20:14:21 | INFO     | E 36/90: loss=1.2697, train=69.0%, val=69.17%, 6435 img/s, belief=1.269, align=0.144
2026-01-03 20:18:42 | INFO     | E 37/90: loss=1.2672, train=69.2%, val=69.33%, 6458 img/s, belief=1.269, align=0.143
2026-01-03 20:23:04 | INFO     | E 38/90: loss=1.2514, train=69.5%, val=69.55%, 6456 img/s, belief=1.269, align=0.143
2026-01-03 20:27:24 | INFO     | E 39/90: loss=1.2349, train=69.8%, val=69.41%, 6493 img/s, belief=1.269, align=0.143
2026-01-03 20:31:48 | INFO     | E 40/90: loss=1.2253, train=70.1%, val=69.61%*, 6382 img/s, belief=1.269, align=0.143
2026-01-03 20:36:09 | INFO     | E 41/90: loss=1.2060, train=70.5%, val=69.80%*, 6480 img/s, belief=1.269, align=0.143
2026-01-03 20:40:30 | INFO     | E 42/90: loss=1.2009, train=70.6%, val=70.11%*, 6460 img/s, belief=1.269, align=0.143
2026-01-03 20:44:52 | INFO     | E 43/90: loss=1.1881, train=70.7%, val=69.93%, 6460 img/s, belief=1.269, align=0.143
2026-01-03 20:49:12 | INFO     | E 44/90: loss=1.1768, train=71.3%, val=69.88%, 6468 img/s, belief=1.269, align=0.143
2026-01-03 20:53:33 | INFO     | E 45/90: loss=1.1546, train=71.4%, val=70.61%*, 6463 img/s, belief=1.269, align=0.143
2026-01-03 20:57:54 | INFO     | E 46/90: loss=1.1410, train=71.8%, val=70.76%*, 6460 img/s, belief=1.269, align=0.143
2026-01-03 21:02:17 | INFO     | E 47/90: loss=1.1311, train=72.0%, val=70.61%, 6390 img/s, belief=1.269, align=0.143
2026-01-03 21:06:39 | INFO     | E 48/90: loss=1.1211, train=72.3%, val=70.21%, 6467 img/s, belief=1.269, align=0.143
2026-01-03 21:11:00 | INFO     | E 49/90: loss=1.1050, train=72.6%, val=70.71%, 6446 img/s, belief=1.269, align=0.143
2026-01-03 21:15:22 | INFO     | E 50/90: loss=1.1043, train=72.7%, val=70.84%*, 6466 img/s, belief=1.269, align=0.143
2026-01-03 21:19:44 | INFO     | E 51/90: loss=1.0854, train=73.1%, val=70.91%*, 6468 img/s, belief=1.269, align=0.142
2026-01-03 21:24:05 | INFO     | E 52/90: loss=1.0670, train=73.5%, val=71.04%*, 6463 img/s, belief=1.269, align=0.142
2026-01-03 21:28:26 | INFO     | E 53/90: loss=1.0477, train=73.9%, val=71.09%*, 6456 img/s, belief=1.269, align=0.143
2026-01-03 21:32:50 | INFO     | E 54/90: loss=1.0397, train=74.0%, val=71.01%, 6383 img/s, belief=1.269, align=0.142
2026-01-03 21:37:11 | INFO     | E 55/90: loss=1.0304, train=74.3%, val=71.28%*, 6473 img/s, belief=1.269, align=0.142
2026-01-03 21:41:32 | INFO     | E 56/90: loss=1.0152, train=74.6%, val=71.53%*, 6462 img/s, belief=1.269, align=0.142
2026-01-03 21:45:53 | INFO     | E 57/90: loss=0.9976, train=75.0%, val=71.67%*, 6472 img/s, belief=1.269, align=0.142
2026-01-03 21:50:15 | INFO     | E 58/90: loss=0.9821, train=75.3%, val=71.55%, 6479 img/s, belief=1.269, align=0.142
2026-01-03 21:54:36 | INFO     | E 59/90: loss=0.9692, train=75.6%, val=71.96%*, 6486 img/s, belief=1.269, align=0.142
2026-01-03 21:59:02 | INFO     | E 60/90: loss=0.9489, train=76.1%, val=71.98%*, 6295 img/s, belief=1.269, align=0.142
2026-01-03 22:03:24 | INFO     | E 61/90: loss=0.9348, train=76.3%, val=71.87%, 6455 img/s, belief=1.269, align=0.142
2026-01-03 22:07:46 | INFO     | E 62/90: loss=0.9266, train=76.7%, val=71.86%, 6409 img/s, belief=1.269, align=0.141
2026-01-03 22:12:11 | INFO     | E 63/90: loss=0.9016, train=77.3%, val=72.12%*, 6412 img/s, belief=1.269, align=0.142
2026-01-03 22:16:34 | INFO     | E 64/90: loss=0.8900, train=77.5%, val=72.16%*, 6414 img/s, belief=1.269, align=0.141
2026-01-03 22:20:56 | INFO     | E 65/90: loss=0.8715, train=77.8%, val=72.18%*, 6448 img/s, belief=1.269, align=0.141
2026-01-03 22:25:18 | INFO     | E 66/90: loss=0.8643, train=78.2%, val=72.40%*, 6438 img/s, belief=1.269, align=0.141
2026-01-03 22:29:40 | INFO     | E 67/90: loss=0.8536, train=78.4%, val=72.66%*, 6437 img/s, belief=1.269, align=0.141
2026-01-03 22:34:01 | INFO     | E 68/90: loss=0.8394, train=78.7%, val=72.46%, 6479 img/s, belief=1.269, align=0.141
2026-01-03 22:38:22 | INFO     | E 69/90: loss=0.8256, train=79.0%, val=72.53%, 6462 img/s, belief=1.269, align=0.141
2026-01-03 22:42:43 | INFO     | E 70/90: loss=0.8146, train=79.4%, val=72.55%, 6461 img/s, belief=1.269, align=0.141
2026-01-03 22:47:05 | INFO     | E 71/90: loss=0.7911, train=79.9%, val=72.71%*, 6466 img/s, belief=1.269, align=0.140
2026-01-03 22:51:25 | INFO     | E 72/90: loss=0.7829, train=80.2%, val=72.88%*, 6484 img/s, belief=1.269, align=0.141
2026-01-03 22:55:46 | INFO     | E 73/90: loss=0.7663, train=80.6%, val=72.81%, 6458 img/s, belief=1.269, align=0.140
2026-01-03 23:00:08 | INFO     | E 74/90: loss=0.7576, train=80.7%, val=72.87%, 6440 img/s, belief=1.269, align=0.141
2026-01-03 23:04:29 | INFO     | E 75/90: loss=0.7542, train=80.9%, val=73.29%*, 6467 img/s, belief=1.269, align=0.140
2026-01-03 23:08:51 | INFO     | E 76/90: loss=0.7399, train=81.3%, val=73.11%, 6454 img/s, belief=1.269, align=0.140
2026-01-03 23:13:12 | INFO     | E 77/90: loss=0.7273, train=81.7%, val=72.97%, 6481 img/s, belief=1.269, align=0.140
2026-01-03 23:17:34 | INFO     | E 78/90: loss=0.7157, train=81.9%, val=73.16%, 6468 img/s, belief=1.269, align=0.140
2026-01-03 23:21:54 | INFO     | E 79/90: loss=0.7097, train=82.1%, val=73.28%, 6486 img/s, belief=1.269, align=0.140
2026-01-03 23:26:15 | INFO     | E 80/90: loss=0.7021, train=82.3%, val=73.32%*, 6490 img/s, belief=1.269, align=0.140
2026-01-03 23:30:37 | INFO     | E 81/90: loss=0.6929, train=82.5%, val=73.30%, 6483 img/s, belief=1.269, align=0.140
2026-01-03 23:34:58 | INFO     | E 82/90: loss=0.6826, train=82.8%, val=73.42%*, 6469 img/s, belief=1.269, align=0.140
2026-01-03 23:39:19 | INFO     | E 83/90: loss=0.6799, train=82.8%, val=73.44%*, 6444 img/s, belief=1.269, align=0.139
2026-01-03 23:43:41 | INFO     | E 84/90: loss=0.6687, train=83.2%, val=73.46%*, 6440 img/s, belief=1.269, align=0.140
2026-01-03 23:48:03 | INFO     | E 85/90: loss=0.6694, train=83.0%, val=73.50%*, 6424 img/s, belief=1.269, align=0.140
2026-01-03 23:52:25 | INFO     | E 86/90: loss=0.6702, train=83.1%, val=73.64%*, 6459 img/s, belief=1.269, align=0.139
2026-01-03 23:56:45 | INFO     | E 87/90: loss=0.6644, train=83.3%, val=73.55%, 6477 img/s, belief=1.269, align=0.140
2026-01-04 00:01:07 | INFO     | E 88/90: loss=0.6702, train=83.1%, val=73.57%, 6442 img/s, belief=1.269, align=0.140
2026-01-04 00:05:29 | INFO     | E 89/90: loss=0.6611, train=83.3%, val=73.51%, 6445 img/s, belief=1.269, align=0.140
2026-01-04 00:09:50 | INFO     | E 90/90: loss=0.6644, train=83.3%, val=73.60%, 6462 img/s, belief=1.269, align=0.140
2026-01-04 00:09:51 | INFO     | ======================================================================
2026-01-04 00:09:51 | INFO     | Model: resnet50 | Optimizer: rlo_lambda_a
2026-01-04 00:09:51 | INFO     | Global batch: 1024 | Per-GPU: 128 | Epochs: 90
2026-01-04 00:09:51 | INFO     | LR: 0.0001 | WD: 0.5
2026-01-04 00:09:51 | INFO     | ======================================================================
2026-01-04 00:09:54 | INFO     | Train: 1281167 samples, 1251 steps/epoch
2026-01-04 00:09:54 | INFO     | Val: 50000 samples
2026-01-04 00:09:55 | INFO     | Parameters: 25.6M
2026-01-04 00:14:09 | INFO     | E  1/90: loss=6.3594, train=2.0%, val=7.60%*, 6676 img/s, belief=1.269, align=0.000
2026-01-04 00:18:22 | INFO     | E  2/90: loss=4.6419, train=14.0%, val=22.96%*, 6748 img/s, belief=1.269, align=0.000
2026-01-04 00:22:34 | INFO     | E  3/90: loss=3.6060, train=27.6%, val=35.04%*, 6784 img/s, belief=1.269, align=0.000
