2026-01-03 04:57:48 | INFO     | PyTorch 2.8.0+cu128 | CUDA 12.8
2026-01-03 04:57:48 | INFO     | World size: 8 | Data: /blue/wdixon/wang.yixuan/lypcdf/imagenet_folder
2026-01-03 04:57:48 | INFO     | ======================================================================
2026-01-03 04:57:48 | INFO     | Model: resnet50 | Optimizer: adamw
2026-01-03 04:57:48 | INFO     | Global batch: 1024 | Per-GPU: 128 | Epochs: 90
2026-01-03 04:57:48 | INFO     | LR: 0.001 | WD: 0.05
2026-01-03 04:57:48 | INFO     | ======================================================================
2026-01-03 04:57:51 | INFO     | Train: 1281167 samples, 1251 steps/epoch
2026-01-03 04:57:51 | INFO     | Val: 50000 samples
2026-01-03 04:57:55 | INFO     | Parameters: 25.6M
2026-01-03 05:02:20 | INFO     | E  1/90: loss=6.0610, train=3.2%, val=8.32%*, 6324 img/s
2026-01-03 05:06:27 | INFO     | E  2/90: loss=4.5166, train=15.1%, val=18.50%*, 6929 img/s
2026-01-03 05:10:35 | INFO     | E  3/90: loss=3.6999, train=25.5%, val=30.45%*, 6909 img/s
2026-01-03 05:14:42 | INFO     | E  4/90: loss=3.2254, train=32.6%, val=31.40%*, 6947 img/s
2026-01-03 05:18:50 | INFO     | E  5/90: loss=2.8584, train=38.9%, val=40.50%*, 6937 img/s
2026-01-03 05:23:03 | INFO     | E  6/90: loss=2.5682, train=44.0%, val=47.84%*, 6743 img/s
2026-01-03 05:27:12 | INFO     | E  7/90: loss=2.3176, train=48.5%, val=53.39%*, 6887 img/s
2026-01-03 05:31:21 | INFO     | E  8/90: loss=2.1459, train=51.7%, val=55.07%*, 6877 img/s
2026-01-03 05:35:30 | INFO     | E  9/90: loss=2.0400, train=53.9%, val=56.14%*, 6887 img/s
2026-01-03 05:39:42 | INFO     | E 10/90: loss=1.9395, train=55.7%, val=58.30%*, 6861 img/s
2026-01-03 05:43:55 | INFO     | E 11/90: loss=1.8605, train=57.4%, val=59.37%*, 6731 img/s
2026-01-03 05:48:06 | INFO     | E 12/90: loss=1.8095, train=58.3%, val=61.06%*, 6806 img/s
2026-01-03 05:52:20 | INFO     | E 13/90: loss=1.7394, train=59.8%, val=61.19%*, 6743 img/s
2026-01-03 05:56:30 | INFO     | E 14/90: loss=1.7033, train=60.5%, val=61.49%*, 6862 img/s
2026-01-03 06:00:37 | INFO     | E 15/90: loss=1.6603, train=61.4%, val=62.73%*, 6921 img/s
2026-01-03 06:04:49 | INFO     | E 16/90: loss=1.6280, train=61.8%, val=63.43%*, 6810 img/s
2026-01-03 06:08:59 | INFO     | E 17/90: loss=1.6038, train=62.4%, val=63.90%*, 6940 img/s
2026-01-03 06:13:15 | INFO     | E 18/90: loss=1.5759, train=63.0%, val=64.43%*, 6657 img/s
2026-01-03 06:17:27 | INFO     | E 19/90: loss=1.5398, train=63.7%, val=64.47%*, 6778 img/s
2026-01-03 06:21:42 | INFO     | E 20/90: loss=1.5166, train=64.1%, val=63.59%, 6681 img/s
2026-01-03 06:25:54 | INFO     | E 21/90: loss=1.4925, train=64.7%, val=62.83%, 6811 img/s
2026-01-03 06:30:03 | INFO     | E 22/90: loss=1.4854, train=64.9%, val=64.94%*, 6878 img/s
2026-01-03 06:34:13 | INFO     | E 23/90: loss=1.4649, train=65.4%, val=64.82%, 6866 img/s
2026-01-03 06:38:22 | INFO     | E 24/90: loss=1.4480, train=65.6%, val=66.34%*, 6881 img/s
2026-01-03 06:42:37 | INFO     | E 25/90: loss=1.4240, train=66.1%, val=66.50%*, 6669 img/s
2026-01-03 06:46:46 | INFO     | E 26/90: loss=1.4078, train=66.5%, val=66.55%*, 6880 img/s
2026-01-03 06:50:58 | INFO     | E 27/90: loss=1.3956, train=66.6%, val=66.10%, 6806 img/s
2026-01-03 06:55:10 | INFO     | E 28/90: loss=1.3796, train=66.8%, val=66.24%, 6789 img/s
2026-01-03 06:59:20 | INFO     | E 29/90: loss=1.3768, train=67.2%, val=65.05%, 6844 img/s
2026-01-03 07:03:30 | INFO     | E 30/90: loss=1.3508, train=67.7%, val=66.35%, 6865 img/s
2026-01-03 07:07:39 | INFO     | E 31/90: loss=1.3429, train=67.7%, val=67.68%*, 6877 img/s
2026-01-03 07:11:55 | INFO     | E 32/90: loss=1.3185, train=68.2%, val=67.63%, 6647 img/s
2026-01-03 07:16:04 | INFO     | E 33/90: loss=1.3031, train=68.5%, val=66.82%, 6872 img/s
2026-01-03 07:20:16 | INFO     | E 34/90: loss=1.3003, train=68.6%, val=66.61%, 6787 img/s
2026-01-03 07:24:29 | INFO     | E 35/90: loss=1.2894, train=68.9%, val=68.41%*, 6775 img/s
2026-01-03 07:28:41 | INFO     | E 36/90: loss=1.2704, train=69.4%, val=67.42%, 6773 img/s
2026-01-03 07:32:52 | INFO     | E 37/90: loss=1.2561, train=69.6%, val=66.82%, 6817 img/s
2026-01-03 07:37:00 | INFO     | E 38/90: loss=1.2448, train=69.9%, val=68.68%*, 6923 img/s
2026-01-03 07:41:14 | INFO     | E 39/90: loss=1.2272, train=70.2%, val=68.66%, 6701 img/s
2026-01-03 07:45:25 | INFO     | E 40/90: loss=1.2250, train=70.3%, val=68.68%, 6845 img/s
2026-01-03 07:49:36 | INFO     | E 41/90: loss=1.2054, train=70.7%, val=68.77%*, 6790 img/s
2026-01-03 07:53:51 | INFO     | E 42/90: loss=1.1936, train=71.0%, val=69.00%*, 6719 img/s
2026-01-03 07:58:05 | INFO     | E 43/90: loss=1.1747, train=71.3%, val=69.26%*, 6713 img/s
2026-01-03 08:02:16 | INFO     | E 44/90: loss=1.1638, train=71.6%, val=69.81%*, 6853 img/s
2026-01-03 08:06:25 | INFO     | E 45/90: loss=1.1561, train=71.7%, val=68.85%, 6881 img/s
2026-01-03 08:10:40 | INFO     | E 46/90: loss=1.1371, train=72.3%, val=69.82%*, 6673 img/s
2026-01-03 08:14:51 | INFO     | E 47/90: loss=1.1249, train=72.4%, val=70.19%*, 6827 img/s
2026-01-03 08:19:02 | INFO     | E 48/90: loss=1.1174, train=72.7%, val=70.29%*, 6794 img/s
2026-01-03 08:23:15 | INFO     | E 49/90: loss=1.0987, train=73.2%, val=70.26%, 6744 img/s
2026-01-03 08:27:26 | INFO     | E 50/90: loss=1.0748, train=73.7%, val=70.10%, 6837 img/s
2026-01-03 08:31:35 | INFO     | E 51/90: loss=1.0698, train=73.6%, val=70.46%*, 6862 img/s
2026-01-03 08:35:45 | INFO     | E 52/90: loss=1.0510, train=74.1%, val=70.34%, 6899 img/s
2026-01-03 08:39:57 | INFO     | E 53/90: loss=1.0336, train=74.6%, val=70.15%, 6768 img/s
2026-01-03 08:44:08 | INFO     | E 54/90: loss=1.0229, train=74.8%, val=71.45%*, 6852 img/s
2026-01-03 08:48:18 | INFO     | E 55/90: loss=1.0084, train=75.2%, val=70.91%, 6836 img/s
2026-01-03 08:52:32 | INFO     | E 56/90: loss=0.9966, train=75.5%, val=70.81%, 6704 img/s
2026-01-03 08:56:43 | INFO     | E 57/90: loss=0.9719, train=76.0%, val=71.83%*, 6815 img/s
2026-01-03 09:00:53 | INFO     | E 58/90: loss=0.9609, train=76.3%, val=71.66%, 6866 img/s
2026-01-03 09:05:01 | INFO     | E 59/90: loss=0.9436, train=76.6%, val=71.86%*, 6888 img/s
2026-01-03 09:09:16 | INFO     | E 60/90: loss=0.9364, train=76.8%, val=72.11%*, 6686 img/s
2026-01-03 09:13:26 | INFO     | E 61/90: loss=0.9135, train=77.4%, val=71.61%, 6830 img/s
2026-01-03 09:17:38 | INFO     | E 62/90: loss=0.9007, train=77.7%, val=72.55%*, 6763 img/s
2026-01-03 09:21:52 | INFO     | E 63/90: loss=0.8871, train=77.9%, val=72.49%, 6716 img/s
2026-01-03 09:26:02 | INFO     | E 64/90: loss=0.8670, train=78.5%, val=72.30%, 6834 img/s
2026-01-03 09:30:13 | INFO     | E 65/90: loss=0.8565, train=78.7%, val=72.53%, 6816 img/s
2026-01-03 09:34:24 | INFO     | E 66/90: loss=0.8396, train=79.3%, val=72.55%*, 6816 img/s
2026-01-03 09:38:39 | INFO     | E 67/90: loss=0.8287, train=79.4%, val=72.86%*, 6656 img/s
2026-01-03 09:42:50 | INFO     | E 68/90: loss=0.8098, train=80.0%, val=73.06%*, 6798 img/s
2026-01-03 09:47:03 | INFO     | E 69/90: loss=0.7973, train=80.3%, val=72.47%, 6765 img/s
2026-01-03 09:51:17 | INFO     | E 70/90: loss=0.7808, train=80.6%, val=73.18%*, 6711 img/s
2026-01-03 09:55:27 | INFO     | E 71/90: loss=0.7683, train=80.9%, val=73.35%*, 6839 img/s
2026-01-03 09:59:38 | INFO     | E 72/90: loss=0.7603, train=81.3%, val=73.37%*, 6816 img/s
2026-01-03 10:03:48 | INFO     | E 73/90: loss=0.7408, train=81.7%, val=73.49%*, 6853 img/s
2026-01-03 10:08:01 | INFO     | E 74/90: loss=0.7306, train=82.0%, val=73.44%, 6743 img/s
2026-01-03 10:12:12 | INFO     | E 75/90: loss=0.7173, train=82.2%, val=73.71%*, 6828 img/s
2026-01-03 10:16:24 | INFO     | E 76/90: loss=0.7154, train=82.5%, val=73.65%, 6768 img/s
2026-01-03 10:20:38 | INFO     | E 77/90: loss=0.6960, train=82.7%, val=73.59%, 6695 img/s
2026-01-03 10:24:50 | INFO     | E 78/90: loss=0.6889, train=83.1%, val=73.84%*, 6816 img/s
2026-01-03 10:29:02 | INFO     | E 79/90: loss=0.6765, train=83.3%, val=73.81%, 6786 img/s
2026-01-03 10:33:12 | INFO     | E 80/90: loss=0.6786, train=83.4%, val=73.94%*, 6859 img/s
2026-01-03 10:37:26 | INFO     | E 81/90: loss=0.6716, train=83.6%, val=73.96%*, 6852 img/s
2026-01-03 10:41:41 | INFO     | E 82/90: loss=0.6661, train=83.8%, val=73.91%, 6699 img/s
2026-01-03 10:45:52 | INFO     | E 83/90: loss=0.6548, train=83.9%, val=74.04%*, 6801 img/s
2026-01-03 10:50:09 | INFO     | E 84/90: loss=0.6472, train=84.1%, val=74.18%*, 6613 img/s
2026-01-03 10:54:20 | INFO     | E 85/90: loss=0.6452, train=84.2%, val=74.16%, 6848 img/s
2026-01-03 10:58:29 | INFO     | E 86/90: loss=0.6472, train=84.2%, val=74.10%, 6859 img/s
2026-01-03 11:02:40 | INFO     | E 87/90: loss=0.6425, train=84.2%, val=74.18%*, 6847 img/s
2026-01-03 11:06:50 | INFO     | E 88/90: loss=0.6404, train=84.3%, val=74.18%, 6870 img/s
2026-01-03 11:11:04 | INFO     | E 89/90: loss=0.6407, train=84.4%, val=74.17%, 6685 img/s
2026-01-03 11:15:14 | INFO     | E 90/90: loss=0.6409, train=84.3%, val=74.26%*, 6837 img/s
2026-01-03 11:15:15 | INFO     | ======================================================================
2026-01-03 11:15:15 | INFO     | Model: resnet50 | Optimizer: lion
2026-01-03 11:15:15 | INFO     | Global batch: 1024 | Per-GPU: 128 | Epochs: 90
2026-01-03 11:15:15 | INFO     | LR: 0.0001 | WD: 0.5
2026-01-03 11:15:15 | INFO     | ======================================================================
2026-01-03 11:15:19 | INFO     | Train: 1281167 samples, 1251 steps/epoch
2026-01-03 11:15:19 | INFO     | Val: 50000 samples
2026-01-03 11:15:19 | INFO     | Parameters: 25.6M
2026-01-03 11:19:34 | INFO     | E  1/90: loss=6.4247, train=1.7%, val=6.59%*, 6654 img/s, belief=0.000, align=0.000
2026-01-03 11:23:49 | INFO     | E  2/90: loss=4.7767, train=12.5%, val=22.22%*, 6671 img/s, belief=0.000, align=0.000
2026-01-03 11:28:05 | INFO     | E  3/90: loss=3.6967, train=26.0%, val=34.35%*, 6668 img/s, belief=0.000, align=0.000
2026-01-03 11:32:19 | INFO     | E  4/90: loss=3.1081, train=34.9%, val=42.13%*, 6703 img/s, belief=0.000, align=0.000
2026-01-03 11:36:37 | INFO     | E  5/90: loss=2.7509, train=40.9%, val=45.91%*, 6598 img/s, belief=0.000, align=0.000
2026-01-03 11:40:52 | INFO     | E  6/90: loss=2.5072, train=45.1%, val=51.61%*, 6665 img/s, belief=0.000, align=0.000
2026-01-03 11:45:07 | INFO     | E  7/90: loss=2.3008, train=49.0%, val=53.86%*, 6713 img/s, belief=0.000, align=0.000
2026-01-03 11:49:22 | INFO     | E  8/90: loss=2.1590, train=51.5%, val=56.34%*, 6680 img/s, belief=0.000, align=0.000
2026-01-03 11:53:40 | INFO     | E  9/90: loss=2.0536, train=53.6%, val=59.40%*, 6703 img/s, belief=0.000, align=0.000
2026-01-03 11:58:00 | INFO     | E 10/90: loss=1.9552, train=55.5%, val=60.11%*, 6554 img/s, belief=0.000, align=0.000
2026-01-03 12:02:14 | INFO     | E 11/90: loss=1.8825, train=57.0%, val=61.18%*, 6729 img/s, belief=0.000, align=0.000
2026-01-03 12:06:31 | INFO     | E 12/90: loss=1.8191, train=58.2%, val=61.38%*, 6592 img/s, belief=0.000, align=0.000
2026-01-03 12:10:46 | INFO     | E 13/90: loss=1.7530, train=59.4%, val=63.30%*, 6672 img/s, belief=0.000, align=0.000
2026-01-03 12:15:02 | INFO     | E 14/90: loss=1.7153, train=60.1%, val=63.68%*, 6653 img/s, belief=0.000, align=0.000
2026-01-03 12:19:16 | INFO     | E 15/90: loss=1.6748, train=61.1%, val=64.40%*, 6717 img/s, belief=0.000, align=0.000
2026-01-03 12:23:30 | INFO     | E 16/90: loss=1.6338, train=61.8%, val=64.77%*, 6706 img/s, belief=0.000, align=0.000
2026-01-03 12:27:48 | INFO     | E 17/90: loss=1.6142, train=62.1%, val=65.53%*, 6561 img/s, belief=0.000, align=0.000
2026-01-03 12:32:02 | INFO     | E 18/90: loss=1.5821, train=62.8%, val=65.86%*, 6697 img/s, belief=0.000, align=0.000
2026-01-03 12:36:18 | INFO     | E 19/90: loss=1.5542, train=63.4%, val=65.64%, 6642 img/s, belief=0.000, align=0.000
2026-01-03 12:40:33 | INFO     | E 20/90: loss=1.5261, train=64.1%, val=65.79%, 6684 img/s, belief=0.000, align=0.000
2026-01-03 12:44:46 | INFO     | E 21/90: loss=1.4989, train=64.6%, val=66.28%*, 6733 img/s, belief=0.000, align=0.000
2026-01-03 12:48:59 | INFO     | E 22/90: loss=1.4821, train=64.8%, val=66.54%*, 6751 img/s, belief=0.000, align=0.000
2026-01-03 12:53:12 | INFO     | E 23/90: loss=1.4645, train=65.2%, val=66.66%*, 6730 img/s, belief=0.000, align=0.000
2026-01-03 12:57:30 | INFO     | E 24/90: loss=1.4455, train=65.6%, val=67.22%*, 6599 img/s, belief=0.000, align=0.000
2026-01-03 13:01:43 | INFO     | E 25/90: loss=1.4335, train=65.9%, val=67.29%*, 6736 img/s, belief=0.000, align=0.000
2026-01-03 13:05:58 | INFO     | E 26/90: loss=1.4134, train=66.1%, val=67.29%*, 6676 img/s, belief=0.000, align=0.000
2026-01-03 13:10:13 | INFO     | E 27/90: loss=1.3945, train=66.6%, val=67.65%*, 6682 img/s, belief=0.000, align=0.000
2026-01-03 13:14:26 | INFO     | E 28/90: loss=1.3860, train=66.6%, val=67.80%*, 6758 img/s, belief=0.000, align=0.000
2026-01-03 13:18:40 | INFO     | E 29/90: loss=1.3795, train=66.9%, val=68.16%*, 6717 img/s, belief=0.000, align=0.000
2026-01-03 13:22:53 | INFO     | E 30/90: loss=1.3507, train=67.5%, val=68.51%*, 6753 img/s, belief=0.000, align=0.000
2026-01-03 13:27:09 | INFO     | E 31/90: loss=1.3413, train=67.6%, val=68.48%, 6650 img/s, belief=0.000, align=0.000
2026-01-03 13:31:22 | INFO     | E 32/90: loss=1.3288, train=68.0%, val=68.87%*, 6725 img/s, belief=0.000, align=0.000
2026-01-03 13:35:37 | INFO     | E 33/90: loss=1.3109, train=68.2%, val=68.86%, 6700 img/s, belief=0.000, align=0.000
2026-01-03 13:39:52 | INFO     | E 34/90: loss=1.2974, train=68.5%, val=68.75%, 6699 img/s, belief=0.000, align=0.000
2026-01-03 13:44:06 | INFO     | E 35/90: loss=1.2909, train=68.6%, val=68.93%*, 6729 img/s, belief=0.000, align=0.000
2026-01-03 13:48:19 | INFO     | E 36/90: loss=1.2701, train=69.2%, val=69.22%*, 6738 img/s, belief=0.000, align=0.000
2026-01-03 13:52:33 | INFO     | E 37/90: loss=1.2556, train=69.4%, val=69.22%, 6727 img/s, belief=0.000, align=0.000
2026-01-03 13:56:50 | INFO     | E 38/90: loss=1.2463, train=69.6%, val=69.36%*, 6621 img/s, belief=0.000, align=0.000
2026-01-03 14:01:03 | INFO     | E 39/90: loss=1.2307, train=69.8%, val=69.62%*, 6748 img/s, belief=0.000, align=0.000
2026-01-03 14:05:16 | INFO     | E 40/90: loss=1.2188, train=70.3%, val=69.80%*, 6742 img/s, belief=0.000, align=0.000
2026-01-03 14:09:31 | INFO     | E 41/90: loss=1.2067, train=70.4%, val=70.14%*, 6704 img/s, belief=0.000, align=0.000
2026-01-03 14:13:45 | INFO     | E 42/90: loss=1.1885, train=70.7%, val=70.17%*, 6712 img/s, belief=0.000, align=0.000
2026-01-03 14:17:58 | INFO     | E 43/90: loss=1.1834, train=70.8%, val=69.99%, 6732 img/s, belief=0.000, align=0.000
2026-01-03 14:22:11 | INFO     | E 44/90: loss=1.1651, train=71.3%, val=70.54%*, 6745 img/s, belief=0.000, align=0.000
2026-01-03 14:26:28 | INFO     | E 45/90: loss=1.1577, train=71.5%, val=70.56%*, 6585 img/s, belief=0.000, align=0.000
2026-01-03 14:30:41 | INFO     | E 46/90: loss=1.1453, train=71.7%, val=70.31%, 6745 img/s, belief=0.000, align=0.000
2026-01-03 14:34:56 | INFO     | E 47/90: loss=1.1287, train=72.1%, val=70.45%, 6695 img/s, belief=0.000, align=0.000
2026-01-03 14:39:12 | INFO     | E 48/90: loss=1.1220, train=72.3%, val=70.98%*, 6664 img/s, belief=0.000, align=0.000
2026-01-03 14:43:25 | INFO     | E 49/90: loss=1.1092, train=72.5%, val=70.47%, 6739 img/s, belief=0.000, align=0.000
2026-01-03 14:47:38 | INFO     | E 50/90: loss=1.0865, train=73.0%, val=70.97%, 6741 img/s, belief=0.000, align=0.000
2026-01-03 14:51:52 | INFO     | E 51/90: loss=1.0776, train=73.3%, val=70.98%*, 6704 img/s, belief=0.000, align=0.000
2026-01-03 14:56:08 | INFO     | E 52/90: loss=1.0670, train=73.5%, val=71.01%*, 6633 img/s, belief=0.000, align=0.000
2026-01-03 15:00:23 | INFO     | E 53/90: loss=1.0579, train=73.6%, val=71.06%*, 6706 img/s, belief=0.000, align=0.000
2026-01-03 15:04:37 | INFO     | E 54/90: loss=1.0360, train=74.2%, val=71.33%*, 6717 img/s, belief=0.000, align=0.000
2026-01-03 15:08:51 | INFO     | E 55/90: loss=1.0253, train=74.3%, val=71.51%*, 6709 img/s, belief=0.000, align=0.000
2026-01-03 15:13:06 | INFO     | E 56/90: loss=1.0105, train=74.7%, val=71.47%, 6695 img/s, belief=0.000, align=0.000
2026-01-03 15:17:18 | INFO     | E 57/90: loss=0.9961, train=75.0%, val=71.44%, 6785 img/s, belief=0.000, align=0.000
2026-01-03 15:21:32 | INFO     | E 58/90: loss=0.9803, train=75.5%, val=71.72%*, 6707 img/s, belief=0.000, align=0.000
2026-01-03 15:25:49 | INFO     | E 59/90: loss=0.9612, train=75.8%, val=71.81%*, 6619 img/s, belief=0.000, align=0.000
2026-01-03 15:30:03 | INFO     | E 60/90: loss=0.9540, train=76.0%, val=71.81%, 6729 img/s, belief=0.000, align=0.000
2026-01-03 15:34:16 | INFO     | E 61/90: loss=0.9329, train=76.5%, val=71.90%*, 6753 img/s, belief=0.000, align=0.000
2026-01-03 15:38:32 | INFO     | E 62/90: loss=0.9180, train=76.8%, val=72.22%*, 6656 img/s, belief=0.000, align=0.000
2026-01-03 15:42:46 | INFO     | E 63/90: loss=0.9051, train=77.1%, val=72.31%*, 6708 img/s, belief=0.000, align=0.000
2026-01-03 15:47:00 | INFO     | E 64/90: loss=0.8853, train=77.6%, val=72.41%*, 6695 img/s, belief=0.000, align=0.000
2026-01-03 15:51:14 | INFO     | E 65/90: loss=0.8775, train=77.8%, val=72.15%, 6715 img/s, belief=0.000, align=0.000
2026-01-03 15:55:31 | INFO     | E 66/90: loss=0.8649, train=78.1%, val=72.63%*, 6610 img/s, belief=0.000, align=0.000
2026-01-03 15:59:45 | INFO     | E 67/90: loss=0.8446, train=78.6%, val=72.47%, 6706 img/s, belief=0.000, align=0.000
2026-01-03 16:04:03 | INFO     | E 68/90: loss=0.8322, train=79.0%, val=72.64%*, 6583 img/s, belief=0.000, align=0.000
2026-01-03 16:08:18 | INFO     | E 69/90: loss=0.8194, train=79.2%, val=72.62%, 6681 img/s, belief=0.000, align=0.000
2026-01-03 16:12:32 | INFO     | E 70/90: loss=0.8082, train=79.6%, val=72.91%*, 6734 img/s, belief=0.000, align=0.000
2026-01-03 16:16:45 | INFO     | E 71/90: loss=0.7921, train=80.0%, val=73.01%*, 6724 img/s, belief=0.000, align=0.000
2026-01-03 16:20:58 | INFO     | E 72/90: loss=0.7776, train=80.3%, val=72.99%, 6750 img/s, belief=0.000, align=0.000
2026-01-03 16:25:15 | INFO     | E 73/90: loss=0.7629, train=80.6%, val=72.96%, 6619 img/s, belief=0.000, align=0.000
2026-01-03 16:29:27 | INFO     | E 74/90: loss=0.7563, train=80.8%, val=73.07%*, 6781 img/s, belief=0.000, align=0.000
2026-01-03 16:33:42 | INFO     | E 75/90: loss=0.7455, train=81.2%, val=73.07%, 6706 img/s, belief=0.000, align=0.000
2026-01-03 16:37:58 | INFO     | E 76/90: loss=0.7335, train=81.4%, val=73.06%, 6635 img/s, belief=0.000, align=0.000
2026-01-03 16:42:11 | INFO     | E 77/90: loss=0.7242, train=81.8%, val=73.03%, 6717 img/s, belief=0.000, align=0.000
2026-01-03 16:46:25 | INFO     | E 78/90: loss=0.7171, train=81.8%, val=73.23%*, 6733 img/s, belief=0.000, align=0.000
2026-01-03 16:50:39 | INFO     | E 79/90: loss=0.7079, train=82.2%, val=73.20%, 6715 img/s, belief=0.000, align=0.000
2026-01-03 16:54:56 | INFO     | E 80/90: loss=0.7014, train=82.3%, val=73.37%*, 6585 img/s, belief=0.000, align=0.000
2026-01-03 16:59:10 | INFO     | E 81/90: loss=0.6960, train=82.5%, val=73.40%*, 6741 img/s, belief=0.000, align=0.000
2026-01-03 17:03:23 | INFO     | E 82/90: loss=0.6893, train=82.6%, val=73.42%*, 6737 img/s, belief=0.000, align=0.000
2026-01-03 17:07:37 | INFO     | E 83/90: loss=0.6862, train=82.8%, val=73.46%*, 6705 img/s, belief=0.000, align=0.000
2026-01-03 17:11:50 | INFO     | E 84/90: loss=0.6741, train=83.1%, val=73.55%*, 6773 img/s, belief=0.000, align=0.000
2026-01-03 17:16:02 | INFO     | E 85/90: loss=0.6733, train=83.0%, val=73.56%*, 6776 img/s, belief=0.000, align=0.000
2026-01-03 17:20:15 | INFO     | E 86/90: loss=0.6701, train=83.1%, val=73.58%*, 6742 img/s, belief=0.000, align=0.000
2026-01-03 17:24:31 | INFO     | E 87/90: loss=0.6645, train=83.3%, val=73.56%, 6647 img/s, belief=0.000, align=0.000
2026-01-03 17:28:47 | INFO     | E 88/90: loss=0.6662, train=83.2%, val=73.58%*, 6690 img/s, belief=0.000, align=0.000
2026-01-03 17:33:01 | INFO     | E 89/90: loss=0.6634, train=83.3%, val=73.61%*, 6724 img/s, belief=0.000, align=0.000
2026-01-03 17:37:18 | INFO     | E 90/90: loss=0.6611, train=83.3%, val=73.63%*, 6598 img/s, belief=0.000, align=0.000
2026-01-03 17:37:19 | INFO     | ======================================================================
2026-01-03 17:37:19 | INFO     | Model: resnet50 | Optimizer: rlo
2026-01-03 17:37:19 | INFO     | Global batch: 1024 | Per-GPU: 128 | Epochs: 90
2026-01-03 17:37:19 | INFO     | LR: 0.0001 | WD: 0.5
2026-01-03 17:37:19 | INFO     | ======================================================================
2026-01-03 17:37:22 | INFO     | Train: 1281167 samples, 1251 steps/epoch
2026-01-03 17:37:22 | INFO     | Val: 50000 samples
2026-01-03 17:37:22 | INFO     | Parameters: 25.6M
2026-01-03 17:41:43 | INFO     | E  1/90: loss=6.4147, train=1.8%, val=6.76%*, 6467 img/s, belief=1.269, align=0.154
2026-01-03 17:46:04 | INFO     | E  2/90: loss=4.7952, train=12.4%, val=21.87%*, 6493 img/s, belief=1.269, align=0.140
2026-01-03 17:50:24 | INFO     | E  3/90: loss=3.7081, train=25.7%, val=33.90%*, 6494 img/s, belief=1.269, align=0.147
2026-01-03 17:54:47 | INFO     | E  4/90: loss=3.1206, train=34.8%, val=41.51%*, 6465 img/s, belief=1.269, align=0.149
2026-01-03 17:59:09 | INFO     | E  5/90: loss=2.7550, train=40.8%, val=46.74%*, 6427 img/s, belief=1.269, align=0.150
2026-01-03 18:03:30 | INFO     | E  6/90: loss=2.5151, train=45.2%, val=51.09%*, 6463 img/s, belief=1.269, align=0.149
2026-01-03 18:07:53 | INFO     | E  7/90: loss=2.3040, train=48.8%, val=54.10%*, 6423 img/s, belief=1.269, align=0.148
2026-01-03 18:12:13 | INFO     | E  8/90: loss=2.1585, train=51.6%, val=56.19%*, 6461 img/s, belief=1.269, align=0.147
2026-01-03 18:16:35 | INFO     | E  9/90: loss=2.0476, train=53.7%, val=58.30%*, 6450 img/s, belief=1.269, align=0.147
2026-01-03 18:20:56 | INFO     | E 10/90: loss=1.9603, train=55.5%, val=59.67%*, 6482 img/s, belief=1.269, align=0.146
2026-01-03 18:25:21 | INFO     | E 11/90: loss=1.8859, train=56.8%, val=61.04%*, 6470 img/s, belief=1.269, align=0.146
2026-01-03 18:29:42 | INFO     | E 12/90: loss=1.8273, train=57.9%, val=61.82%*, 6448 img/s, belief=1.269, align=0.146
2026-01-03 18:34:04 | INFO     | E 13/90: loss=1.7479, train=59.4%, val=62.50%*, 6465 img/s, belief=1.269, align=0.145
2026-01-03 18:38:26 | INFO     | E 14/90: loss=1.7198, train=60.0%, val=63.29%*, 6448 img/s, belief=1.269, align=0.145
2026-01-03 18:42:47 | INFO     | E 15/90: loss=1.6820, train=60.8%, val=63.87%*, 6456 img/s, belief=1.269, align=0.145
2026-01-03 18:47:08 | INFO     | E 16/90: loss=1.6417, train=61.6%, val=64.69%*, 6457 img/s, belief=1.269, align=0.145
2026-01-03 18:51:30 | INFO     | E 17/90: loss=1.6288, train=61.9%, val=65.54%*, 6464 img/s, belief=1.269, align=0.145
2026-01-03 18:55:54 | INFO     | E 18/90: loss=1.5826, train=62.8%, val=65.79%*, 6483 img/s, belief=1.269, align=0.145
2026-01-03 19:00:16 | INFO     | E 19/90: loss=1.5574, train=63.4%, val=65.75%, 6451 img/s, belief=1.269, align=0.145
2026-01-03 19:04:37 | INFO     | E 20/90: loss=1.5235, train=64.0%, val=66.34%*, 6479 img/s, belief=1.269, align=0.145
2026-01-03 19:08:59 | INFO     | E 21/90: loss=1.5023, train=64.5%, val=66.42%*, 6444 img/s, belief=1.269, align=0.145
2026-01-03 19:13:20 | INFO     | E 22/90: loss=1.4842, train=64.8%, val=66.80%*, 6488 img/s, belief=1.269, align=0.145
2026-01-03 19:17:42 | INFO     | E 23/90: loss=1.4661, train=65.2%, val=66.97%*, 6457 img/s, belief=1.269, align=0.144
2026-01-03 19:22:02 | INFO     | E 24/90: loss=1.4476, train=65.4%, val=67.26%*, 6479 img/s, belief=1.269, align=0.144
2026-01-03 19:26:23 | INFO     | E 25/90: loss=1.4372, train=65.8%, val=67.26%, 6487 img/s, belief=1.269, align=0.144
2026-01-03 19:30:46 | INFO     | E 26/90: loss=1.4145, train=66.3%, val=67.49%*, 6403 img/s, belief=1.269, align=0.144
2026-01-03 19:35:07 | INFO     | E 27/90: loss=1.3992, train=66.3%, val=67.88%*, 6476 img/s, belief=1.269, align=0.144
2026-01-03 19:39:29 | INFO     | E 28/90: loss=1.3893, train=66.6%, val=67.99%*, 6444 img/s, belief=1.269, align=0.144
2026-01-03 19:43:49 | INFO     | E 29/90: loss=1.3774, train=66.9%, val=67.71%, 6477 img/s, belief=1.269, align=0.144
2026-01-03 19:48:11 | INFO     | E 30/90: loss=1.3568, train=67.2%, val=68.32%*, 6464 img/s, belief=1.269, align=0.144
2026-01-03 19:52:32 | INFO     | E 31/90: loss=1.3404, train=67.7%, val=68.38%*, 6469 img/s, belief=1.269, align=0.144
2026-01-03 19:56:53 | INFO     | E 32/90: loss=1.3300, train=67.9%, val=68.60%*, 6481 img/s, belief=1.269, align=0.143
2026-01-03 20:01:16 | INFO     | E 33/90: loss=1.3054, train=68.3%, val=68.18%, 6399 img/s, belief=1.269, align=0.144
2026-01-03 20:05:38 | INFO     | E 34/90: loss=1.2978, train=68.6%, val=68.25%, 6467 img/s, belief=1.269, align=0.144
2026-01-03 20:10:02 | INFO     | E 35/90: loss=1.2884, train=68.7%, val=69.44%*, 6450 img/s, belief=1.269, align=0.143
2026-01-03 20:14:22 | INFO     | E 36/90: loss=1.2764, train=69.1%, val=69.22%, 6498 img/s, belief=1.269, align=0.144
2026-01-03 20:18:42 | INFO     | E 37/90: loss=1.2630, train=69.3%, val=69.32%, 6469 img/s, belief=1.269, align=0.143
2026-01-03 20:23:04 | INFO     | E 38/90: loss=1.2479, train=69.6%, val=69.53%*, 6457 img/s, belief=1.269, align=0.143
2026-01-03 20:27:24 | INFO     | E 39/90: loss=1.2389, train=69.7%, val=69.37%, 6500 img/s, belief=1.269, align=0.143
2026-01-03 20:31:48 | INFO     | E 40/90: loss=1.2259, train=70.1%, val=69.69%*, 6412 img/s, belief=1.269, align=0.143
2026-01-03 20:36:09 | INFO     | E 41/90: loss=1.2175, train=70.1%, val=69.81%*, 6470 img/s, belief=1.269, align=0.143
2026-01-03 20:40:30 | INFO     | E 42/90: loss=1.2005, train=70.4%, val=70.23%*, 6461 img/s, belief=1.269, align=0.143
2026-01-03 20:44:52 | INFO     | E 43/90: loss=1.1857, train=70.8%, val=69.88%, 6450 img/s, belief=1.269, align=0.143
2026-01-03 20:49:13 | INFO     | E 44/90: loss=1.1624, train=71.3%, val=69.94%, 6474 img/s, belief=1.269, align=0.143
2026-01-03 20:53:34 | INFO     | E 45/90: loss=1.1603, train=71.4%, val=70.63%*, 6497 img/s, belief=1.269, align=0.143
2026-01-03 20:57:55 | INFO     | E 46/90: loss=1.1442, train=71.8%, val=70.82%*, 6475 img/s, belief=1.269, align=0.143
2026-01-03 21:02:17 | INFO     | E 47/90: loss=1.1325, train=72.0%, val=70.66%, 6422 img/s, belief=1.269, align=0.143
2026-01-03 21:06:39 | INFO     | E 48/90: loss=1.1272, train=72.0%, val=70.24%, 6475 img/s, belief=1.269, align=0.143
2026-01-03 21:11:00 | INFO     | E 49/90: loss=1.1032, train=72.7%, val=70.79%, 6449 img/s, belief=1.269, align=0.143
2026-01-03 21:15:22 | INFO     | E 50/90: loss=1.0842, train=73.1%, val=70.92%*, 6463 img/s, belief=1.269, align=0.143
2026-01-03 21:19:44 | INFO     | E 51/90: loss=1.0838, train=73.0%, val=70.82%, 6466 img/s, belief=1.269, align=0.142
2026-01-03 21:24:06 | INFO     | E 52/90: loss=1.0686, train=73.3%, val=71.06%*, 6480 img/s, belief=1.269, align=0.142
2026-01-03 21:28:27 | INFO     | E 53/90: loss=1.0561, train=73.7%, val=71.19%*, 6498 img/s, belief=1.269, align=0.143
2026-01-03 21:32:50 | INFO     | E 54/90: loss=1.0382, train=74.2%, val=70.91%, 6413 img/s, belief=1.269, align=0.142
2026-01-03 21:37:11 | INFO     | E 55/90: loss=1.0230, train=74.4%, val=71.26%*, 6490 img/s, belief=1.269, align=0.142
2026-01-03 21:41:32 | INFO     | E 56/90: loss=1.0060, train=74.8%, val=71.53%*, 6462 img/s, belief=1.269, align=0.142
2026-01-03 21:45:53 | INFO     | E 57/90: loss=0.9936, train=75.0%, val=71.57%*, 6475 img/s, belief=1.269, align=0.142
2026-01-03 21:50:14 | INFO     | E 58/90: loss=0.9806, train=75.4%, val=71.52%, 6465 img/s, belief=1.269, align=0.142
2026-01-03 21:54:36 | INFO     | E 59/90: loss=0.9634, train=75.8%, val=71.85%*, 6451 img/s, belief=1.269, align=0.142
2026-01-03 21:59:03 | INFO     | E 60/90: loss=0.9545, train=76.1%, val=72.03%*, 6293 img/s, belief=1.269, align=0.142
2026-01-03 22:03:24 | INFO     | E 61/90: loss=0.9270, train=76.6%, val=71.88%, 6470 img/s, belief=1.269, align=0.142
2026-01-03 22:07:47 | INFO     | E 62/90: loss=0.9230, train=76.8%, val=71.80%, 6420 img/s, belief=1.269, align=0.141
2026-01-03 22:12:11 | INFO     | E 63/90: loss=0.9023, train=77.2%, val=72.05%*, 6418 img/s, belief=1.269, align=0.142
2026-01-03 22:16:33 | INFO     | E 64/90: loss=0.8923, train=77.5%, val=72.27%*, 6429 img/s, belief=1.269, align=0.141
2026-01-03 22:20:56 | INFO     | E 65/90: loss=0.8702, train=77.9%, val=72.17%, 6437 img/s, belief=1.269, align=0.141
2026-01-03 22:25:18 | INFO     | E 66/90: loss=0.8608, train=78.1%, val=72.42%*, 6443 img/s, belief=1.269, align=0.141
2026-01-03 22:29:39 | INFO     | E 67/90: loss=0.8457, train=78.6%, val=72.64%*, 6457 img/s, belief=1.269, align=0.141
2026-01-03 22:34:01 | INFO     | E 68/90: loss=0.8383, train=78.8%, val=72.50%, 6468 img/s, belief=1.269, align=0.141
2026-01-03 22:38:22 | INFO     | E 69/90: loss=0.8194, train=79.2%, val=72.52%, 6456 img/s, belief=1.269, align=0.141
2026-01-03 22:42:43 | INFO     | E 70/90: loss=0.8048, train=79.6%, val=72.58%, 6458 img/s, belief=1.269, align=0.141
2026-01-03 22:47:04 | INFO     | E 71/90: loss=0.7985, train=79.7%, val=72.77%*, 6466 img/s, belief=1.269, align=0.140
2026-01-03 22:51:26 | INFO     | E 72/90: loss=0.7747, train=80.4%, val=72.81%*, 6466 img/s, belief=1.269, align=0.141
2026-01-03 22:55:47 | INFO     | E 73/90: loss=0.7660, train=80.6%, val=72.81%, 6469 img/s, belief=1.269, align=0.140
2026-01-03 23:00:08 | INFO     | E 74/90: loss=0.7565, train=80.9%, val=72.89%*, 6463 img/s, belief=1.269, align=0.141
2026-01-03 23:04:29 | INFO     | E 75/90: loss=0.7455, train=81.1%, val=73.15%*, 6471 img/s, belief=1.269, align=0.140
2026-01-03 23:08:50 | INFO     | E 76/90: loss=0.7373, train=81.4%, val=73.19%*, 6460 img/s, belief=1.269, align=0.140
2026-01-03 23:13:12 | INFO     | E 77/90: loss=0.7279, train=81.7%, val=73.09%, 6472 img/s, belief=1.269, align=0.140
2026-01-03 23:17:32 | INFO     | E 78/90: loss=0.7178, train=81.8%, val=73.19%*, 6466 img/s, belief=1.269, align=0.140
2026-01-03 23:21:54 | INFO     | E 79/90: loss=0.7104, train=82.2%, val=73.22%*, 6445 img/s, belief=1.269, align=0.140
2026-01-03 23:26:14 | INFO     | E 80/90: loss=0.6969, train=82.3%, val=73.43%*, 6482 img/s, belief=1.269, align=0.140
2026-01-03 23:30:36 | INFO     | E 81/90: loss=0.6998, train=82.4%, val=73.34%, 6461 img/s, belief=1.269, align=0.140
2026-01-03 23:34:58 | INFO     | E 82/90: loss=0.6926, train=82.6%, val=73.41%, 6451 img/s, belief=1.269, align=0.140
2026-01-03 23:39:19 | INFO     | E 83/90: loss=0.6826, train=82.8%, val=73.38%, 6447 img/s, belief=1.269, align=0.139
2026-01-03 23:43:42 | INFO     | E 84/90: loss=0.6774, train=83.0%, val=73.41%, 6440 img/s, belief=1.269, align=0.140
2026-01-03 23:48:03 | INFO     | E 85/90: loss=0.6673, train=83.2%, val=73.40%, 6428 img/s, belief=1.269, align=0.140
2026-01-03 23:52:24 | INFO     | E 86/90: loss=0.6697, train=83.1%, val=73.53%*, 6460 img/s, belief=1.269, align=0.139
2026-01-03 23:56:46 | INFO     | E 87/90: loss=0.6601, train=83.4%, val=73.53%, 6459 img/s, belief=1.269, align=0.140
2026-01-04 00:01:07 | INFO     | E 88/90: loss=0.6706, train=83.1%, val=73.56%*, 6455 img/s, belief=1.269, align=0.140
2026-01-04 00:05:29 | INFO     | E 89/90: loss=0.6590, train=83.2%, val=73.55%, 6457 img/s, belief=1.269, align=0.140
2026-01-04 00:09:50 | INFO     | E 90/90: loss=0.6648, train=83.4%, val=73.60%*, 6462 img/s, belief=1.269, align=0.140
2026-01-04 00:09:50 | INFO     | ======================================================================
2026-01-04 00:09:50 | INFO     | Model: resnet50 | Optimizer: rlo_lambda_a
2026-01-04 00:09:50 | INFO     | Global batch: 1024 | Per-GPU: 128 | Epochs: 90
2026-01-04 00:09:50 | INFO     | LR: 0.0001 | WD: 0.5
2026-01-04 00:09:50 | INFO     | ======================================================================
2026-01-04 00:09:54 | INFO     | Train: 1281167 samples, 1251 steps/epoch
2026-01-04 00:09:54 | INFO     | Val: 50000 samples
2026-01-04 00:09:55 | INFO     | Parameters: 25.6M
2026-01-04 00:14:09 | INFO     | E  1/90: loss=6.3556, train=2.0%, val=7.61%*, 6676 img/s, belief=1.269, align=0.000
2026-01-04 00:18:22 | INFO     | E  2/90: loss=4.6500, train=14.1%, val=23.04%*, 6764 img/s, belief=1.269, align=0.000
2026-01-04 00:22:32 | INFO     | E  3/90: loss=3.6011, train=27.5%, val=35.06%*, 6767 img/s, belief=1.269, align=0.000
