2026-01-03 04:57:49 | INFO     | PyTorch 2.8.0+cu128 | CUDA 12.8
2026-01-03 04:57:49 | INFO     | World size: 8 | Data: /blue/wdixon/wang.yixuan/lypcdf/imagenet_folder
2026-01-03 04:57:49 | INFO     | ======================================================================
2026-01-03 04:57:49 | INFO     | Model: resnet50 | Optimizer: adamw
2026-01-03 04:57:49 | INFO     | Global batch: 1024 | Per-GPU: 128 | Epochs: 90
2026-01-03 04:57:49 | INFO     | LR: 0.001 | WD: 0.05
2026-01-03 04:57:49 | INFO     | ======================================================================
2026-01-03 04:57:52 | INFO     | Train: 1281167 samples, 1251 steps/epoch
2026-01-03 04:57:52 | INFO     | Val: 50000 samples
2026-01-03 04:57:55 | INFO     | Parameters: 25.6M
2026-01-03 05:02:20 | INFO     | E  1/90: loss=6.0628, train=3.2%, val=8.38%*, 6324 img/s
2026-01-03 05:06:27 | INFO     | E  2/90: loss=4.5032, train=15.2%, val=18.38%*, 6929 img/s
2026-01-03 05:10:35 | INFO     | E  3/90: loss=3.7007, train=25.5%, val=30.53%*, 6892 img/s
2026-01-03 05:14:43 | INFO     | E  4/90: loss=3.2283, train=32.6%, val=31.33%*, 6942 img/s
2026-01-03 05:18:50 | INFO     | E  5/90: loss=2.8719, train=38.6%, val=40.50%*, 6958 img/s
2026-01-03 05:23:03 | INFO     | E  6/90: loss=2.5831, train=43.7%, val=47.94%*, 6753 img/s
2026-01-03 05:27:12 | INFO     | E  7/90: loss=2.3382, train=48.1%, val=53.41%*, 6891 img/s
2026-01-03 05:31:22 | INFO     | E  8/90: loss=2.1709, train=51.5%, val=55.17%*, 6880 img/s
2026-01-03 05:35:30 | INFO     | E  9/90: loss=2.0328, train=53.9%, val=56.22%*, 6927 img/s
2026-01-03 05:39:43 | INFO     | E 10/90: loss=1.9421, train=55.7%, val=58.19%*, 6867 img/s
2026-01-03 05:43:55 | INFO     | E 11/90: loss=1.8563, train=57.3%, val=59.40%*, 6778 img/s
2026-01-03 05:48:06 | INFO     | E 12/90: loss=1.7890, train=58.8%, val=61.06%*, 6811 img/s
2026-01-03 05:52:19 | INFO     | E 13/90: loss=1.7475, train=59.6%, val=61.24%*, 6738 img/s
2026-01-03 05:56:30 | INFO     | E 14/90: loss=1.7034, train=60.3%, val=61.47%*, 6849 img/s
2026-01-03 06:00:38 | INFO     | E 15/90: loss=1.6630, train=61.2%, val=62.68%*, 6917 img/s
2026-01-03 06:04:49 | INFO     | E 16/90: loss=1.6349, train=61.9%, val=63.31%*, 6825 img/s
2026-01-03 06:09:01 | INFO     | E 17/90: loss=1.5900, train=62.9%, val=63.91%*, 6954 img/s
2026-01-03 06:13:15 | INFO     | E 18/90: loss=1.5654, train=63.2%, val=64.43%*, 6698 img/s
2026-01-03 06:17:27 | INFO     | E 19/90: loss=1.5486, train=63.6%, val=64.43%*, 6777 img/s
2026-01-03 06:21:43 | INFO     | E 20/90: loss=1.5280, train=64.0%, val=63.69%, 6685 img/s
2026-01-03 06:25:53 | INFO     | E 21/90: loss=1.5051, train=64.6%, val=62.87%, 6830 img/s
2026-01-03 06:30:03 | INFO     | E 22/90: loss=1.4719, train=65.0%, val=64.96%*, 6872 img/s
2026-01-03 06:34:13 | INFO     | E 23/90: loss=1.4632, train=65.2%, val=64.85%, 6870 img/s
2026-01-03 06:38:22 | INFO     | E 24/90: loss=1.4554, train=65.4%, val=66.31%*, 6881 img/s
2026-01-03 06:42:37 | INFO     | E 25/90: loss=1.4267, train=66.0%, val=66.52%*, 6668 img/s
2026-01-03 06:46:46 | INFO     | E 26/90: loss=1.4139, train=66.4%, val=66.53%*, 6879 img/s
2026-01-03 06:50:57 | INFO     | E 27/90: loss=1.3938, train=66.9%, val=66.16%, 6801 img/s
2026-01-03 06:55:10 | INFO     | E 28/90: loss=1.3842, train=66.9%, val=66.39%, 6770 img/s
2026-01-03 06:59:20 | INFO     | E 29/90: loss=1.3728, train=67.2%, val=64.97%, 6856 img/s
2026-01-03 07:03:29 | INFO     | E 30/90: loss=1.3550, train=67.5%, val=66.33%, 6855 img/s
2026-01-03 07:07:39 | INFO     | E 31/90: loss=1.3413, train=67.8%, val=67.67%*, 6862 img/s
2026-01-03 07:11:55 | INFO     | E 32/90: loss=1.3235, train=68.2%, val=67.72%*, 6646 img/s
2026-01-03 07:16:04 | INFO     | E 33/90: loss=1.3105, train=68.4%, val=66.87%, 6870 img/s
2026-01-03 07:20:16 | INFO     | E 34/90: loss=1.3000, train=68.7%, val=66.57%, 6789 img/s
2026-01-03 07:24:29 | INFO     | E 35/90: loss=1.2809, train=69.1%, val=68.40%*, 6754 img/s
2026-01-03 07:28:41 | INFO     | E 36/90: loss=1.2722, train=69.2%, val=67.52%, 6789 img/s
2026-01-03 07:32:52 | INFO     | E 37/90: loss=1.2660, train=69.4%, val=66.78%, 6820 img/s
2026-01-03 07:37:00 | INFO     | E 38/90: loss=1.2466, train=69.9%, val=68.70%*, 6919 img/s
2026-01-03 07:41:14 | INFO     | E 39/90: loss=1.2330, train=70.1%, val=68.58%, 6711 img/s
2026-01-03 07:45:24 | INFO     | E 40/90: loss=1.2157, train=70.5%, val=68.72%*, 6851 img/s
2026-01-03 07:49:37 | INFO     | E 41/90: loss=1.2020, train=70.8%, val=68.78%*, 6779 img/s
2026-01-03 07:53:51 | INFO     | E 42/90: loss=1.1985, train=70.8%, val=69.05%*, 6743 img/s
2026-01-03 07:58:07 | INFO     | E 43/90: loss=1.1799, train=71.3%, val=69.27%*, 6727 img/s
2026-01-03 08:02:16 | INFO     | E 44/90: loss=1.1673, train=71.5%, val=69.87%*, 6920 img/s
2026-01-03 08:06:25 | INFO     | E 45/90: loss=1.1576, train=71.7%, val=68.89%, 6880 img/s
2026-01-03 08:10:41 | INFO     | E 46/90: loss=1.1418, train=72.1%, val=69.82%, 6682 img/s
2026-01-03 08:14:52 | INFO     | E 47/90: loss=1.1205, train=72.6%, val=70.16%*, 6849 img/s
2026-01-03 08:19:03 | INFO     | E 48/90: loss=1.1194, train=72.7%, val=70.34%*, 6829 img/s
2026-01-03 08:23:17 | INFO     | E 49/90: loss=1.1021, train=72.9%, val=70.21%, 6772 img/s
2026-01-03 08:27:28 | INFO     | E 50/90: loss=1.0716, train=73.6%, val=70.05%, 6879 img/s
2026-01-03 08:31:36 | INFO     | E 51/90: loss=1.0720, train=73.7%, val=70.43%*, 6934 img/s
2026-01-03 08:35:45 | INFO     | E 52/90: loss=1.0566, train=74.0%, val=70.39%, 6928 img/s
2026-01-03 08:39:58 | INFO     | E 53/90: loss=1.0395, train=74.4%, val=70.24%, 6771 img/s
2026-01-03 08:44:08 | INFO     | E 54/90: loss=1.0197, train=74.9%, val=71.40%*, 6872 img/s
2026-01-03 08:48:19 | INFO     | E 55/90: loss=1.0118, train=75.1%, val=70.93%, 6842 img/s
2026-01-03 08:52:33 | INFO     | E 56/90: loss=0.9916, train=75.4%, val=70.80%, 6734 img/s
2026-01-03 08:56:44 | INFO     | E 57/90: loss=0.9813, train=75.7%, val=71.82%*, 6852 img/s
2026-01-03 09:00:54 | INFO     | E 58/90: loss=0.9637, train=76.2%, val=71.69%, 6888 img/s
2026-01-03 09:05:03 | INFO     | E 59/90: loss=0.9482, train=76.6%, val=71.83%*, 6932 img/s
2026-01-03 09:09:16 | INFO     | E 60/90: loss=0.9360, train=77.0%, val=72.08%*, 6731 img/s
2026-01-03 09:13:27 | INFO     | E 61/90: loss=0.9179, train=77.1%, val=71.65%, 6841 img/s
2026-01-03 09:17:39 | INFO     | E 62/90: loss=0.8970, train=77.7%, val=72.54%*, 6779 img/s
2026-01-03 09:21:53 | INFO     | E 63/90: loss=0.8881, train=78.0%, val=72.52%, 6740 img/s
2026-01-03 09:26:03 | INFO     | E 64/90: loss=0.8692, train=78.4%, val=72.29%, 6869 img/s
2026-01-03 09:30:14 | INFO     | E 65/90: loss=0.8566, train=78.8%, val=72.56%*, 6842 img/s
2026-01-03 09:34:25 | INFO     | E 66/90: loss=0.8370, train=79.2%, val=72.60%*, 6862 img/s
2026-01-03 09:38:40 | INFO     | E 67/90: loss=0.8194, train=79.7%, val=72.90%*, 6687 img/s
2026-01-03 09:42:51 | INFO     | E 68/90: loss=0.8098, train=80.0%, val=73.03%*, 6845 img/s
2026-01-03 09:47:04 | INFO     | E 69/90: loss=0.8025, train=80.1%, val=72.52%, 6798 img/s
2026-01-03 09:51:17 | INFO     | E 70/90: loss=0.7864, train=80.4%, val=73.20%*, 6752 img/s
2026-01-03 09:55:28 | INFO     | E 71/90: loss=0.7685, train=80.9%, val=73.36%*, 6853 img/s
2026-01-03 09:59:39 | INFO     | E 72/90: loss=0.7548, train=81.3%, val=73.37%*, 6857 img/s
2026-01-03 10:03:49 | INFO     | E 73/90: loss=0.7495, train=81.4%, val=73.53%*, 6899 img/s
2026-01-03 10:08:02 | INFO     | E 74/90: loss=0.7349, train=81.8%, val=73.45%, 6765 img/s
2026-01-03 10:12:13 | INFO     | E 75/90: loss=0.7226, train=82.1%, val=73.72%*, 6863 img/s
2026-01-03 10:16:25 | INFO     | E 76/90: loss=0.7111, train=82.5%, val=73.62%, 6803 img/s
2026-01-03 10:20:40 | INFO     | E 77/90: loss=0.7026, train=82.8%, val=73.60%, 6724 img/s
2026-01-03 10:24:50 | INFO     | E 78/90: loss=0.6896, train=82.9%, val=73.87%*, 6861 img/s
2026-01-03 10:29:03 | INFO     | E 79/90: loss=0.6773, train=83.3%, val=73.87%*, 6811 img/s
2026-01-03 10:33:12 | INFO     | E 80/90: loss=0.6737, train=83.4%, val=73.95%*, 6902 img/s
2026-01-03 10:37:26 | INFO     | E 81/90: loss=0.6636, train=83.7%, val=73.99%*, 6850 img/s
2026-01-03 10:41:41 | INFO     | E 82/90: loss=0.6580, train=83.8%, val=73.96%, 6713 img/s
2026-01-03 10:45:53 | INFO     | E 83/90: loss=0.6539, train=84.0%, val=74.06%*, 6825 img/s
2026-01-03 10:50:10 | INFO     | E 84/90: loss=0.6500, train=84.1%, val=74.14%*, 6665 img/s
2026-01-03 10:54:20 | INFO     | E 85/90: loss=0.6482, train=84.2%, val=74.19%*, 6870 img/s
2026-01-03 10:58:31 | INFO     | E 86/90: loss=0.6476, train=84.2%, val=74.09%, 6875 img/s
2026-01-03 11:02:41 | INFO     | E 87/90: loss=0.6485, train=84.2%, val=74.17%, 6902 img/s
2026-01-03 11:06:51 | INFO     | E 88/90: loss=0.6445, train=84.2%, val=74.17%, 6927 img/s
2026-01-03 11:11:05 | INFO     | E 89/90: loss=0.6380, train=84.3%, val=74.17%, 6742 img/s
2026-01-03 11:15:15 | INFO     | E 90/90: loss=0.6395, train=84.3%, val=74.25%*, 6882 img/s
2026-01-03 11:15:16 | INFO     | ======================================================================
2026-01-03 11:15:16 | INFO     | Model: resnet50 | Optimizer: lion
2026-01-03 11:15:16 | INFO     | Global batch: 1024 | Per-GPU: 128 | Epochs: 90
2026-01-03 11:15:16 | INFO     | LR: 0.0001 | WD: 0.5
2026-01-03 11:15:16 | INFO     | ======================================================================
2026-01-03 11:15:19 | INFO     | Train: 1281167 samples, 1251 steps/epoch
2026-01-03 11:15:19 | INFO     | Val: 50000 samples
2026-01-03 11:15:19 | INFO     | Parameters: 25.6M
2026-01-03 11:19:33 | INFO     | E  1/90: loss=6.4234, train=1.7%, val=6.59%*, 6654 img/s, belief=0.000, align=0.000
2026-01-03 11:23:48 | INFO     | E  2/90: loss=4.7682, train=12.6%, val=22.24%*, 6619 img/s, belief=0.000, align=0.000
2026-01-03 11:28:03 | INFO     | E  3/90: loss=3.6987, train=25.9%, val=34.34%*, 6636 img/s, belief=0.000, align=0.000
2026-01-03 11:32:18 | INFO     | E  4/90: loss=3.1118, train=34.9%, val=42.13%*, 6642 img/s, belief=0.000, align=0.000
2026-01-03 11:36:35 | INFO     | E  5/90: loss=2.7588, train=40.8%, val=45.92%*, 6568 img/s, belief=0.000, align=0.000
2026-01-03 11:40:51 | INFO     | E  6/90: loss=2.5172, train=45.1%, val=51.67%*, 6613 img/s, belief=0.000, align=0.000
2026-01-03 11:45:05 | INFO     | E  7/90: loss=2.3145, train=48.7%, val=53.84%*, 6660 img/s, belief=0.000, align=0.000
2026-01-03 11:49:20 | INFO     | E  8/90: loss=2.1810, train=51.3%, val=56.43%*, 6639 img/s, belief=0.000, align=0.000
2026-01-03 11:53:40 | INFO     | E  9/90: loss=2.0430, train=53.8%, val=59.34%*, 6643 img/s, belief=0.000, align=0.000
2026-01-03 11:57:57 | INFO     | E 10/90: loss=1.9540, train=55.4%, val=60.08%*, 6533 img/s, belief=0.000, align=0.000
2026-01-03 12:02:12 | INFO     | E 11/90: loss=1.8784, train=57.0%, val=61.18%*, 6650 img/s, belief=0.000, align=0.000
2026-01-03 12:06:30 | INFO     | E 12/90: loss=1.8150, train=58.1%, val=61.34%*, 6546 img/s, belief=0.000, align=0.000
2026-01-03 12:10:46 | INFO     | E 13/90: loss=1.7641, train=59.3%, val=63.28%*, 6657 img/s, belief=0.000, align=0.000
2026-01-03 12:15:01 | INFO     | E 14/90: loss=1.7169, train=60.0%, val=63.65%*, 6642 img/s, belief=0.000, align=0.000
2026-01-03 12:19:16 | INFO     | E 15/90: loss=1.6747, train=60.9%, val=64.44%*, 6683 img/s, belief=0.000, align=0.000
2026-01-03 12:23:29 | INFO     | E 16/90: loss=1.6428, train=61.7%, val=64.67%*, 6702 img/s, belief=0.000, align=0.000
2026-01-03 12:27:48 | INFO     | E 17/90: loss=1.6090, train=62.4%, val=65.41%*, 6539 img/s, belief=0.000, align=0.000
2026-01-03 12:32:01 | INFO     | E 18/90: loss=1.5709, train=63.1%, val=65.82%*, 6691 img/s, belief=0.000, align=0.000
2026-01-03 12:36:18 | INFO     | E 19/90: loss=1.5553, train=63.5%, val=65.59%, 6601 img/s, belief=0.000, align=0.000
2026-01-03 12:40:32 | INFO     | E 20/90: loss=1.5288, train=63.9%, val=65.69%, 6667 img/s, belief=0.000, align=0.000
2026-01-03 12:44:45 | INFO     | E 21/90: loss=1.4997, train=64.3%, val=66.21%*, 6708 img/s, belief=0.000, align=0.000
2026-01-03 12:48:59 | INFO     | E 22/90: loss=1.4715, train=65.0%, val=66.60%*, 6699 img/s, belief=0.000, align=0.000
2026-01-03 12:53:12 | INFO     | E 23/90: loss=1.4551, train=65.4%, val=66.74%*, 6713 img/s, belief=0.000, align=0.000
2026-01-03 12:57:29 | INFO     | E 24/90: loss=1.4497, train=65.4%, val=67.30%*, 6589 img/s, belief=0.000, align=0.000
2026-01-03 13:01:42 | INFO     | E 25/90: loss=1.4296, train=65.9%, val=67.25%, 6699 img/s, belief=0.000, align=0.000
2026-01-03 13:05:58 | INFO     | E 26/90: loss=1.4207, train=66.0%, val=67.33%*, 6651 img/s, belief=0.000, align=0.000
2026-01-03 13:10:12 | INFO     | E 27/90: loss=1.4010, train=66.6%, val=67.62%*, 6686 img/s, belief=0.000, align=0.000
2026-01-03 13:14:25 | INFO     | E 28/90: loss=1.3698, train=67.1%, val=67.82%*, 6718 img/s, belief=0.000, align=0.000
2026-01-03 13:18:39 | INFO     | E 29/90: loss=1.3681, train=67.1%, val=68.22%*, 6681 img/s, belief=0.000, align=0.000
2026-01-03 13:22:52 | INFO     | E 30/90: loss=1.3445, train=67.5%, val=68.51%*, 6735 img/s, belief=0.000, align=0.000
2026-01-03 13:27:09 | INFO     | E 31/90: loss=1.3369, train=67.8%, val=68.53%*, 6629 img/s, belief=0.000, align=0.000
2026-01-03 13:31:22 | INFO     | E 32/90: loss=1.3257, train=67.9%, val=68.88%*, 6730 img/s, belief=0.000, align=0.000
2026-01-03 13:35:36 | INFO     | E 33/90: loss=1.3166, train=68.2%, val=68.80%, 6677 img/s, belief=0.000, align=0.000
2026-01-03 13:39:51 | INFO     | E 34/90: loss=1.3057, train=68.3%, val=68.77%, 6663 img/s, belief=0.000, align=0.000
2026-01-03 13:44:04 | INFO     | E 35/90: loss=1.2817, train=68.8%, val=69.05%*, 6689 img/s, belief=0.000, align=0.000
2026-01-03 13:48:18 | INFO     | E 36/90: loss=1.2711, train=69.1%, val=69.19%*, 6694 img/s, belief=0.000, align=0.000
2026-01-03 13:52:32 | INFO     | E 37/90: loss=1.2573, train=69.4%, val=69.37%*, 6698 img/s, belief=0.000, align=0.000
2026-01-03 13:56:49 | INFO     | E 38/90: loss=1.2402, train=69.8%, val=69.35%, 6562 img/s, belief=0.000, align=0.000
2026-01-03 14:01:02 | INFO     | E 39/90: loss=1.2416, train=69.6%, val=69.73%*, 6710 img/s, belief=0.000, align=0.000
2026-01-03 14:05:15 | INFO     | E 40/90: loss=1.2115, train=70.3%, val=69.87%*, 6714 img/s, belief=0.000, align=0.000
2026-01-03 14:09:30 | INFO     | E 41/90: loss=1.2099, train=70.3%, val=70.02%*, 6668 img/s, belief=0.000, align=0.000
2026-01-03 14:13:44 | INFO     | E 42/90: loss=1.2032, train=70.6%, val=70.09%*, 6682 img/s, belief=0.000, align=0.000
2026-01-03 14:17:58 | INFO     | E 43/90: loss=1.1848, train=70.8%, val=69.98%, 6699 img/s, belief=0.000, align=0.000
2026-01-03 14:22:11 | INFO     | E 44/90: loss=1.1703, train=71.1%, val=70.36%*, 6729 img/s, belief=0.000, align=0.000
2026-01-03 14:26:28 | INFO     | E 45/90: loss=1.1567, train=71.6%, val=70.47%*, 6603 img/s, belief=0.000, align=0.000
2026-01-03 14:30:40 | INFO     | E 46/90: loss=1.1393, train=71.7%, val=70.20%, 6744 img/s, belief=0.000, align=0.000
2026-01-03 14:34:56 | INFO     | E 47/90: loss=1.1245, train=72.1%, val=70.55%*, 6653 img/s, belief=0.000, align=0.000
2026-01-03 14:39:11 | INFO     | E 48/90: loss=1.1234, train=72.4%, val=70.86%*, 6666 img/s, belief=0.000, align=0.000
2026-01-03 14:43:24 | INFO     | E 49/90: loss=1.1058, train=72.5%, val=70.51%, 6715 img/s, belief=0.000, align=0.000
2026-01-03 14:47:38 | INFO     | E 50/90: loss=1.0859, train=73.0%, val=70.94%*, 6704 img/s, belief=0.000, align=0.000
2026-01-03 14:51:52 | INFO     | E 51/90: loss=1.0741, train=73.3%, val=70.97%*, 6694 img/s, belief=0.000, align=0.000
2026-01-03 14:56:08 | INFO     | E 52/90: loss=1.0630, train=73.7%, val=71.05%*, 6625 img/s, belief=0.000, align=0.000
2026-01-03 15:00:21 | INFO     | E 53/90: loss=1.0461, train=73.9%, val=71.11%*, 6680 img/s, belief=0.000, align=0.000
2026-01-03 15:04:36 | INFO     | E 54/90: loss=1.0310, train=74.2%, val=71.46%*, 6661 img/s, belief=0.000, align=0.000
2026-01-03 15:08:51 | INFO     | E 55/90: loss=1.0189, train=74.6%, val=71.55%*, 6666 img/s, belief=0.000, align=0.000
2026-01-03 15:13:05 | INFO     | E 56/90: loss=1.0122, train=74.6%, val=71.36%, 6683 img/s, belief=0.000, align=0.000
2026-01-03 15:17:17 | INFO     | E 57/90: loss=1.0056, train=74.9%, val=71.58%*, 6771 img/s, belief=0.000, align=0.000
2026-01-03 15:21:32 | INFO     | E 58/90: loss=0.9793, train=75.3%, val=71.75%*, 6684 img/s, belief=0.000, align=0.000
2026-01-03 15:25:47 | INFO     | E 59/90: loss=0.9682, train=75.7%, val=71.77%*, 6622 img/s, belief=0.000, align=0.000
2026-01-03 15:30:01 | INFO     | E 60/90: loss=0.9506, train=76.1%, val=71.86%*, 6686 img/s, belief=0.000, align=0.000
2026-01-03 15:34:15 | INFO     | E 61/90: loss=0.9367, train=76.5%, val=71.87%*, 6690 img/s, belief=0.000, align=0.000
2026-01-03 15:38:31 | INFO     | E 62/90: loss=0.9163, train=76.8%, val=72.09%*, 6626 img/s, belief=0.000, align=0.000
2026-01-03 15:42:45 | INFO     | E 63/90: loss=0.9077, train=77.1%, val=72.31%*, 6675 img/s, belief=0.000, align=0.000
2026-01-03 15:46:59 | INFO     | E 64/90: loss=0.8851, train=77.6%, val=72.29%, 6669 img/s, belief=0.000, align=0.000
2026-01-03 15:51:14 | INFO     | E 65/90: loss=0.8746, train=77.8%, val=72.21%, 6693 img/s, belief=0.000, align=0.000
2026-01-03 15:55:30 | INFO     | E 66/90: loss=0.8646, train=78.2%, val=72.60%*, 6594 img/s, belief=0.000, align=0.000
2026-01-03 15:59:44 | INFO     | E 67/90: loss=0.8464, train=78.6%, val=72.54%, 6663 img/s, belief=0.000, align=0.000
2026-01-03 16:04:02 | INFO     | E 68/90: loss=0.8258, train=79.1%, val=72.66%*, 6556 img/s, belief=0.000, align=0.000
2026-01-03 16:08:17 | INFO     | E 69/90: loss=0.8287, train=79.2%, val=72.62%, 6636 img/s, belief=0.000, align=0.000
2026-01-03 16:12:31 | INFO     | E 70/90: loss=0.8105, train=79.5%, val=72.86%*, 6703 img/s, belief=0.000, align=0.000
2026-01-03 16:16:44 | INFO     | E 71/90: loss=0.7906, train=80.0%, val=73.01%*, 6693 img/s, belief=0.000, align=0.000
2026-01-03 16:20:57 | INFO     | E 72/90: loss=0.7790, train=80.2%, val=73.01%, 6724 img/s, belief=0.000, align=0.000
2026-01-03 16:25:14 | INFO     | E 73/90: loss=0.7694, train=80.5%, val=72.91%, 6583 img/s, belief=0.000, align=0.000
2026-01-03 16:29:26 | INFO     | E 74/90: loss=0.7556, train=80.8%, val=73.01%, 6732 img/s, belief=0.000, align=0.000
2026-01-03 16:33:40 | INFO     | E 75/90: loss=0.7454, train=81.1%, val=73.03%*, 6668 img/s, belief=0.000, align=0.000
2026-01-03 16:37:57 | INFO     | E 76/90: loss=0.7337, train=81.5%, val=72.98%, 6597 img/s, belief=0.000, align=0.000
2026-01-03 16:42:11 | INFO     | E 77/90: loss=0.7233, train=81.8%, val=73.03%, 6677 img/s, belief=0.000, align=0.000
2026-01-03 16:46:24 | INFO     | E 78/90: loss=0.7146, train=81.9%, val=73.32%*, 6720 img/s, belief=0.000, align=0.000
2026-01-03 16:50:38 | INFO     | E 79/90: loss=0.7027, train=82.2%, val=73.23%, 6690 img/s, belief=0.000, align=0.000
2026-01-03 16:54:56 | INFO     | E 80/90: loss=0.6975, train=82.3%, val=73.26%, 6558 img/s, belief=0.000, align=0.000
2026-01-03 16:59:09 | INFO     | E 81/90: loss=0.6880, train=82.7%, val=73.45%*, 6722 img/s, belief=0.000, align=0.000
2026-01-03 17:03:22 | INFO     | E 82/90: loss=0.6850, train=82.8%, val=73.43%, 6719 img/s, belief=0.000, align=0.000
2026-01-03 17:07:37 | INFO     | E 83/90: loss=0.6862, train=82.8%, val=73.40%, 6680 img/s, belief=0.000, align=0.000
2026-01-03 17:11:49 | INFO     | E 84/90: loss=0.6700, train=82.9%, val=73.64%*, 6759 img/s, belief=0.000, align=0.000
2026-01-03 17:16:02 | INFO     | E 85/90: loss=0.6723, train=83.1%, val=73.57%, 6732 img/s, belief=0.000, align=0.000
2026-01-03 17:20:15 | INFO     | E 86/90: loss=0.6693, train=83.2%, val=73.55%, 6721 img/s, belief=0.000, align=0.000
2026-01-03 17:24:30 | INFO     | E 87/90: loss=0.6661, train=83.2%, val=73.60%, 6643 img/s, belief=0.000, align=0.000
2026-01-03 17:28:45 | INFO     | E 88/90: loss=0.6616, train=83.3%, val=73.48%, 6666 img/s, belief=0.000, align=0.000
2026-01-03 17:33:00 | INFO     | E 89/90: loss=0.6650, train=83.3%, val=73.53%, 6661 img/s, belief=0.000, align=0.000
2026-01-03 17:37:18 | INFO     | E 90/90: loss=0.6595, train=83.4%, val=73.60%, 6578 img/s, belief=0.000, align=0.000
2026-01-03 17:37:18 | INFO     | ======================================================================
2026-01-03 17:37:18 | INFO     | Model: resnet50 | Optimizer: rlo
2026-01-03 17:37:18 | INFO     | Global batch: 1024 | Per-GPU: 128 | Epochs: 90
2026-01-03 17:37:18 | INFO     | LR: 0.0001 | WD: 0.5
2026-01-03 17:37:18 | INFO     | ======================================================================
2026-01-03 17:37:22 | INFO     | Train: 1281167 samples, 1251 steps/epoch
2026-01-03 17:37:22 | INFO     | Val: 50000 samples
2026-01-03 17:37:22 | INFO     | Parameters: 25.6M
2026-01-03 17:41:43 | INFO     | E  1/90: loss=6.4177, train=1.8%, val=6.78%*, 6467 img/s, belief=1.269, align=0.154
2026-01-03 17:46:03 | INFO     | E  2/90: loss=4.7961, train=12.4%, val=21.78%*, 6491 img/s, belief=1.269, align=0.140
2026-01-03 17:50:24 | INFO     | E  3/90: loss=3.7021, train=25.9%, val=33.95%*, 6460 img/s, belief=1.269, align=0.147
2026-01-03 17:54:47 | INFO     | E  4/90: loss=3.1195, train=34.7%, val=41.58%*, 6478 img/s, belief=1.269, align=0.149
2026-01-03 17:59:09 | INFO     | E  5/90: loss=2.7704, train=40.6%, val=46.86%*, 6440 img/s, belief=1.269, align=0.150
2026-01-03 18:03:30 | INFO     | E  6/90: loss=2.5168, train=45.0%, val=51.15%*, 6466 img/s, belief=1.269, align=0.149
2026-01-03 18:07:53 | INFO     | E  7/90: loss=2.3179, train=48.6%, val=54.10%*, 6422 img/s, belief=1.269, align=0.148
2026-01-03 18:12:14 | INFO     | E  8/90: loss=2.1846, train=51.0%, val=56.25%*, 6467 img/s, belief=1.269, align=0.147
2026-01-03 18:16:35 | INFO     | E  9/90: loss=2.0521, train=53.6%, val=58.32%*, 6458 img/s, belief=1.269, align=0.147
2026-01-03 18:20:56 | INFO     | E 10/90: loss=1.9639, train=55.4%, val=59.70%*, 6476 img/s, belief=1.269, align=0.146
2026-01-03 18:25:20 | INFO     | E 11/90: loss=1.8842, train=56.8%, val=60.99%*, 6478 img/s, belief=1.269, align=0.146
2026-01-03 18:29:43 | INFO     | E 12/90: loss=1.8188, train=58.1%, val=61.83%*, 6436 img/s, belief=1.269, align=0.146
2026-01-03 18:34:04 | INFO     | E 13/90: loss=1.7689, train=59.1%, val=62.58%*, 6469 img/s, belief=1.269, align=0.145
2026-01-03 18:38:26 | INFO     | E 14/90: loss=1.7263, train=60.0%, val=63.32%*, 6441 img/s, belief=1.269, align=0.145
2026-01-03 18:42:48 | INFO     | E 15/90: loss=1.6850, train=60.9%, val=63.82%*, 6449 img/s, belief=1.269, align=0.145
2026-01-03 18:47:09 | INFO     | E 16/90: loss=1.6445, train=61.6%, val=64.50%*, 6472 img/s, belief=1.269, align=0.145
2026-01-03 18:51:30 | INFO     | E 17/90: loss=1.6097, train=62.3%, val=65.55%*, 6480 img/s, belief=1.269, align=0.145
2026-01-03 18:55:53 | INFO     | E 18/90: loss=1.5771, train=62.9%, val=65.74%*, 6465 img/s, belief=1.269, align=0.145
2026-01-03 19:00:16 | INFO     | E 19/90: loss=1.5584, train=63.2%, val=65.76%*, 6424 img/s, belief=1.269, align=0.145
2026-01-03 19:04:37 | INFO     | E 20/90: loss=1.5351, train=63.7%, val=66.44%*, 6480 img/s, belief=1.269, align=0.145
2026-01-03 19:08:59 | INFO     | E 21/90: loss=1.4962, train=64.5%, val=66.47%*, 6443 img/s, belief=1.269, align=0.145
2026-01-03 19:13:20 | INFO     | E 22/90: loss=1.4757, train=64.8%, val=66.71%*, 6466 img/s, belief=1.269, align=0.145
2026-01-03 19:17:41 | INFO     | E 23/90: loss=1.4619, train=65.2%, val=66.93%*, 6463 img/s, belief=1.269, align=0.144
2026-01-03 19:22:03 | INFO     | E 24/90: loss=1.4549, train=65.3%, val=67.42%*, 6462 img/s, belief=1.269, align=0.144
2026-01-03 19:26:23 | INFO     | E 25/90: loss=1.4320, train=65.8%, val=67.33%, 6491 img/s, belief=1.269, align=0.144
2026-01-03 19:30:46 | INFO     | E 26/90: loss=1.4193, train=66.3%, val=67.61%*, 6419 img/s, belief=1.269, align=0.144
2026-01-03 19:35:07 | INFO     | E 27/90: loss=1.4010, train=66.5%, val=67.93%*, 6478 img/s, belief=1.269, align=0.144
2026-01-03 19:39:29 | INFO     | E 28/90: loss=1.3792, train=66.9%, val=68.11%*, 6453 img/s, belief=1.269, align=0.144
2026-01-03 19:43:50 | INFO     | E 29/90: loss=1.3647, train=67.1%, val=67.67%, 6485 img/s, belief=1.269, align=0.144
2026-01-03 19:48:11 | INFO     | E 30/90: loss=1.3595, train=67.3%, val=68.34%*, 6483 img/s, belief=1.269, align=0.144
2026-01-03 19:52:32 | INFO     | E 31/90: loss=1.3348, train=67.7%, val=68.39%*, 6487 img/s, belief=1.269, align=0.144
2026-01-03 19:56:53 | INFO     | E 32/90: loss=1.3339, train=67.8%, val=68.70%*, 6484 img/s, belief=1.269, align=0.143
2026-01-03 20:01:16 | INFO     | E 33/90: loss=1.3160, train=68.2%, val=68.18%, 6392 img/s, belief=1.269, align=0.144
2026-01-03 20:05:38 | INFO     | E 34/90: loss=1.3085, train=68.3%, val=68.20%, 6471 img/s, belief=1.269, align=0.144
2026-01-03 20:10:00 | INFO     | E 35/90: loss=1.2840, train=68.7%, val=69.48%*, 6432 img/s, belief=1.269, align=0.143
2026-01-03 20:14:22 | INFO     | E 36/90: loss=1.2800, train=68.8%, val=69.31%, 6452 img/s, belief=1.269, align=0.144
2026-01-03 20:18:44 | INFO     | E 37/90: loss=1.2626, train=69.4%, val=69.24%, 6461 img/s, belief=1.269, align=0.143
2026-01-03 20:23:04 | INFO     | E 38/90: loss=1.2438, train=69.7%, val=69.49%*, 6493 img/s, belief=1.269, align=0.143
2026-01-03 20:27:25 | INFO     | E 39/90: loss=1.2384, train=69.6%, val=69.41%, 6489 img/s, belief=1.269, align=0.143
2026-01-03 20:31:48 | INFO     | E 40/90: loss=1.2188, train=70.0%, val=69.67%*, 6413 img/s, belief=1.269, align=0.143
2026-01-03 20:36:08 | INFO     | E 41/90: loss=1.2145, train=70.2%, val=69.81%*, 6471 img/s, belief=1.269, align=0.143
2026-01-03 20:40:30 | INFO     | E 42/90: loss=1.2011, train=70.6%, val=70.12%*, 6451 img/s, belief=1.269, align=0.143
2026-01-03 20:44:52 | INFO     | E 43/90: loss=1.1856, train=70.8%, val=69.80%, 6451 img/s, belief=1.269, align=0.143
2026-01-03 20:49:13 | INFO     | E 44/90: loss=1.1689, train=71.2%, val=69.96%, 6475 img/s, belief=1.269, align=0.143
2026-01-03 20:53:34 | INFO     | E 45/90: loss=1.1603, train=71.4%, val=70.63%*, 6493 img/s, belief=1.269, align=0.143
2026-01-03 20:57:54 | INFO     | E 46/90: loss=1.1553, train=71.6%, val=70.71%*, 6476 img/s, belief=1.269, align=0.143
2026-01-03 21:02:18 | INFO     | E 47/90: loss=1.1312, train=72.0%, val=70.51%, 6403 img/s, belief=1.269, align=0.143
2026-01-03 21:06:39 | INFO     | E 48/90: loss=1.1272, train=72.1%, val=70.26%, 6491 img/s, belief=1.269, align=0.143
2026-01-03 21:11:00 | INFO     | E 49/90: loss=1.1052, train=72.5%, val=70.78%*, 6449 img/s, belief=1.269, align=0.143
2026-01-03 21:15:22 | INFO     | E 50/90: loss=1.0876, train=73.0%, val=70.90%*, 6454 img/s, belief=1.269, align=0.143
2026-01-03 21:19:44 | INFO     | E 51/90: loss=1.0858, train=73.1%, val=70.97%*, 6471 img/s, belief=1.269, align=0.142
2026-01-03 21:24:05 | INFO     | E 52/90: loss=1.0625, train=73.6%, val=71.10%*, 6475 img/s, belief=1.269, align=0.142
2026-01-03 21:28:26 | INFO     | E 53/90: loss=1.0519, train=73.9%, val=71.15%*, 6475 img/s, belief=1.269, align=0.143
2026-01-03 21:32:50 | INFO     | E 54/90: loss=1.0437, train=74.0%, val=71.01%, 6386 img/s, belief=1.269, align=0.142
2026-01-03 21:37:11 | INFO     | E 55/90: loss=1.0198, train=74.6%, val=71.28%*, 6476 img/s, belief=1.269, align=0.142
2026-01-03 21:41:32 | INFO     | E 56/90: loss=1.0124, train=74.7%, val=71.55%*, 6465 img/s, belief=1.269, align=0.142
2026-01-03 21:45:53 | INFO     | E 57/90: loss=1.0035, train=74.9%, val=71.59%*, 6479 img/s, belief=1.269, align=0.142
2026-01-03 21:50:14 | INFO     | E 58/90: loss=0.9838, train=75.3%, val=71.59%, 6485 img/s, belief=1.269, align=0.142
2026-01-03 21:54:35 | INFO     | E 59/90: loss=0.9687, train=75.7%, val=71.91%*, 6449 img/s, belief=1.269, align=0.142
2026-01-03 21:59:03 | INFO     | E 60/90: loss=0.9515, train=76.2%, val=71.97%*, 6283 img/s, belief=1.269, align=0.142
2026-01-03 22:03:24 | INFO     | E 61/90: loss=0.9355, train=76.3%, val=71.91%, 6494 img/s, belief=1.269, align=0.142
2026-01-03 22:07:46 | INFO     | E 62/90: loss=0.9160, train=77.0%, val=71.94%, 6413 img/s, belief=1.269, align=0.141
2026-01-03 22:12:13 | INFO     | E 63/90: loss=0.8998, train=77.2%, val=72.06%*, 6405 img/s, belief=1.269, align=0.142
2026-01-03 22:16:34 | INFO     | E 64/90: loss=0.8996, train=77.3%, val=72.27%*, 6473 img/s, belief=1.269, align=0.141
2026-01-03 22:20:55 | INFO     | E 65/90: loss=0.8752, train=77.9%, val=72.19%, 6457 img/s, belief=1.269, align=0.141
2026-01-03 22:25:18 | INFO     | E 66/90: loss=0.8636, train=78.2%, val=72.42%*, 6433 img/s, belief=1.269, align=0.141
2026-01-03 22:29:39 | INFO     | E 67/90: loss=0.8526, train=78.5%, val=72.60%*, 6455 img/s, belief=1.269, align=0.141
2026-01-03 22:34:00 | INFO     | E 68/90: loss=0.8279, train=78.9%, val=72.50%, 6459 img/s, belief=1.269, align=0.141
2026-01-03 22:38:22 | INFO     | E 69/90: loss=0.8259, train=79.2%, val=72.50%, 6444 img/s, belief=1.269, align=0.141
2026-01-03 22:42:44 | INFO     | E 70/90: loss=0.8087, train=79.5%, val=72.55%, 6459 img/s, belief=1.269, align=0.141
2026-01-03 22:47:05 | INFO     | E 71/90: loss=0.7970, train=79.8%, val=72.78%*, 6485 img/s, belief=1.269, align=0.140
2026-01-03 22:51:25 | INFO     | E 72/90: loss=0.7779, train=80.4%, val=72.79%*, 6492 img/s, belief=1.269, align=0.141
2026-01-03 22:55:47 | INFO     | E 73/90: loss=0.7668, train=80.6%, val=72.81%*, 6466 img/s, belief=1.269, align=0.140
2026-01-03 23:00:08 | INFO     | E 74/90: loss=0.7619, train=80.7%, val=72.86%*, 6475 img/s, belief=1.269, align=0.141
2026-01-03 23:04:29 | INFO     | E 75/90: loss=0.7500, train=81.0%, val=73.20%*, 6450 img/s, belief=1.269, align=0.140
2026-01-03 23:08:51 | INFO     | E 76/90: loss=0.7378, train=81.4%, val=73.21%*, 6461 img/s, belief=1.269, align=0.140
2026-01-03 23:13:12 | INFO     | E 77/90: loss=0.7294, train=81.6%, val=73.05%, 6502 img/s, belief=1.269, align=0.140
2026-01-03 23:17:33 | INFO     | E 78/90: loss=0.7146, train=82.0%, val=73.14%, 6476 img/s, belief=1.269, align=0.140
2026-01-03 23:21:55 | INFO     | E 79/90: loss=0.7068, train=82.2%, val=73.31%*, 6455 img/s, belief=1.269, align=0.140
2026-01-03 23:26:15 | INFO     | E 80/90: loss=0.6948, train=82.4%, val=73.32%*, 6499 img/s, belief=1.269, align=0.140
2026-01-03 23:30:38 | INFO     | E 81/90: loss=0.6934, train=82.5%, val=73.35%*, 6497 img/s, belief=1.269, align=0.140
2026-01-03 23:34:58 | INFO     | E 82/90: loss=0.6863, train=82.7%, val=73.39%*, 6518 img/s, belief=1.269, align=0.140
2026-01-03 23:39:20 | INFO     | E 83/90: loss=0.6814, train=82.8%, val=73.38%, 6460 img/s, belief=1.269, align=0.139
2026-01-03 23:43:42 | INFO     | E 84/90: loss=0.6678, train=83.1%, val=73.53%*, 6471 img/s, belief=1.269, align=0.140
2026-01-03 23:48:03 | INFO     | E 85/90: loss=0.6731, train=83.0%, val=73.47%, 6434 img/s, belief=1.269, align=0.140
2026-01-03 23:52:25 | INFO     | E 86/90: loss=0.6662, train=83.3%, val=73.59%*, 6460 img/s, belief=1.269, align=0.139
2026-01-03 23:56:46 | INFO     | E 87/90: loss=0.6685, train=83.2%, val=73.60%*, 6474 img/s, belief=1.269, align=0.140
2026-01-04 00:01:07 | INFO     | E 88/90: loss=0.6705, train=83.2%, val=73.52%, 6456 img/s, belief=1.269, align=0.140
2026-01-04 00:05:29 | INFO     | E 89/90: loss=0.6635, train=83.3%, val=73.53%, 6462 img/s, belief=1.269, align=0.140
2026-01-04 00:09:50 | INFO     | E 90/90: loss=0.6660, train=83.1%, val=73.59%, 6474 img/s, belief=1.269, align=0.140
2026-01-04 00:09:50 | INFO     | ======================================================================
2026-01-04 00:09:50 | INFO     | Model: resnet50 | Optimizer: rlo_lambda_a
2026-01-04 00:09:50 | INFO     | Global batch: 1024 | Per-GPU: 128 | Epochs: 90
2026-01-04 00:09:50 | INFO     | LR: 0.0001 | WD: 0.5
2026-01-04 00:09:50 | INFO     | ======================================================================
2026-01-04 00:09:54 | INFO     | Train: 1281167 samples, 1251 steps/epoch
2026-01-04 00:09:54 | INFO     | Val: 50000 samples
2026-01-04 00:09:55 | INFO     | Parameters: 25.6M
2026-01-04 00:14:09 | INFO     | E  1/90: loss=6.3592, train=2.0%, val=7.62%*, 6676 img/s, belief=1.269, align=0.000
2026-01-04 00:18:22 | INFO     | E  2/90: loss=4.6474, train=14.0%, val=23.03%*, 6736 img/s, belief=1.269, align=0.000
2026-01-04 00:22:33 | INFO     | E  3/90: loss=3.6111, train=27.2%, val=35.07%*, 6769 img/s, belief=1.269, align=0.000
